 game_shader_dx9

 Timestamp is 4c75e446 (Thu Aug 26 11:49:26 2010)

 Preferred load address is 10000000

 Start         Length     Name                   Class
 0001:00000000 00030662H .text                   CODE
 0001:00030670 00006f23H .text$yc                CODE
 0001:000375a0 0000045fH .text$yd                CODE
 0002:00000000 0000013cH .idata$5                DATA
 0002:0000013c 00000004H .CRT$XCA                DATA
 0002:00000140 00000a10H .CRT$XCU                DATA
 0002:00000b50 00000004H .CRT$XCZ                DATA
 0002:00000b54 00000004H .CRT$XIA                DATA
 0002:00000b58 00000014H .CRT$XIC                DATA
 0002:00000b6c 00000004H .CRT$XIZ                DATA
 0002:00000b70 00000004H .CRT$XPA                DATA
 0002:00000b74 00000004H .CRT$XPX                DATA
 0002:00000b78 00000004H .CRT$XPXA               DATA
 0002:00000b7c 00000004H .CRT$XPZ                DATA
 0002:00000b80 00000004H .CRT$XTA                DATA
 0002:00000b84 00000004H .CRT$XTZ                DATA
 0002:00000b90 0000ee78H .rdata                  DATA
 0002:0000fa08 00000061H .rdata$debug            DATA
 0002:0000fa6c 00001694H .rdata$r                DATA
 0002:00011100 0000000cH .rdata$sxdata           DATA
 0002:0001110c 00000004H .rtc$IAA                DATA
 0002:00011110 00000004H .rtc$IZZ                DATA
 0002:00011114 00000004H .rtc$TAA                DATA
 0002:00011118 00000004H .rtc$TZZ                DATA
 0002:00011120 00000424H .xdata$x                DATA
 0002:00011544 00000028H .idata$2                DATA
 0002:0001156c 00000014H .idata$3                DATA
 0002:00011580 0000013cH .idata$4                DATA
 0002:000116bc 0000059aH .idata$6                DATA
 0002:00011c60 00000088H .edata                  DATA
 0003:00000000 00005fb8H .data                   DATA
 0003:00005fc0 0000cb40H .bss                    DATA

  Address         Publics by Value              Rva+Base       Lib:Object

 0000:00000000       __except_list              00000000     <absolute>
 0000:00000003       ___safe_se_handler_count   00000003     <absolute>
 0000:00000000       ___ImageBase               10000000     <linker-defined>
 0001:00000000       ?GetSoftwareVertexShader@CBaseShader@@UBEQ6AXAAVCMeshBuilder@@PAPAVIMaterialVar@@PAVIShaderDynamicAPI@@@ZXZ 10001000 f i aftershock.obj
 0001:00000010       ?OnInitShaderParams@CBaseShader@@UAEXPAPAVIMaterialVar@@PBD@Z 10001010 f i aftershock.obj
 0001:00000010       ?OnInitShaderParams@CShader@SDK_Eyeball@@UAEXPAPAVIMaterialVar@@PBD@Z 10001010 f i eyeball.obj
 0001:00000020       ?GetFallbackShader@CShader@SDK_Aftershock@@UBEPBDPAPAVIMaterialVar@@@Z 10001020 f i aftershock.obj
 0001:00000030       ?GetName@CShader@SDK_Aftershock@@UBEPBDXZ 10001030 f i aftershock.obj
 0001:00000040       ?GetFlags@CShader@SDK_Aftershock@@UBEHXZ 10001040 f i aftershock.obj
 0001:00000050       ?OnDrawElements@CShader@SDK_Core@@UAEXPAPAVIMaterialVar@@PAVIShaderShadow@@PAVIShaderDynamicAPI@@W4VertexCompressionType_t@@PAPAVCBasePerMaterialContextData@@@Z 10001050 f i core_dx9.obj
 0001:00000050       ?OnDrawElements@CShader@SDK_eyes@@UAEXPAPAVIMaterialVar@@PAVIShaderShadow@@PAVIShaderDynamicAPI@@W4VertexCompressionType_t@@PAPAVCBasePerMaterialContextData@@@Z 10001050 f i eyes.obj
 0001:00000050       ?OnDrawElements@CShader@SDK_Aftershock@@UAEXPAPAVIMaterialVar@@PAVIShaderShadow@@PAVIShaderDynamicAPI@@W4VertexCompressionType_t@@PAPAVCBasePerMaterialContextData@@@Z 10001050 f i aftershock.obj
 0001:00000050       ?OnDrawElements@CShader@SDK_LightmappedReflective@@UAEXPAPAVIMaterialVar@@PAVIShaderShadow@@PAVIShaderDynamicAPI@@W4VertexCompressionType_t@@PAPAVCBasePerMaterialContextData@@@Z 10001050 f i lightmappedreflective.obj
 0001:00000050       ?OnDrawElements@CShader@SDK_EyeGlint@@UAEXPAPAVIMaterialVar@@PAVIShaderShadow@@PAVIShaderDynamicAPI@@W4VertexCompressionType_t@@PAPAVCBasePerMaterialContextData@@@Z 10001050 f i dx8fallbacks.obj
 0001:00000050       ?OnDrawElements@CShader@SDK_VortWarp@@UAEXPAPAVIMaterialVar@@PAVIShaderShadow@@PAVIShaderDynamicAPI@@W4VertexCompressionType_t@@PAPAVCBasePerMaterialContextData@@@Z 10001050 f i vortwarp_dx9.obj
 0001:00000050       ?OnDrawElements@CShader@SDK_Refract@@UAEXPAPAVIMaterialVar@@PAVIShaderShadow@@PAVIShaderDynamicAPI@@W4VertexCompressionType_t@@PAPAVCBasePerMaterialContextData@@@Z 10001050 f i refract.obj
 0001:00000050       ?OnDrawElements@CShader@SDK_Teeth@@UAEXPAPAVIMaterialVar@@PAVIShaderShadow@@PAVIShaderDynamicAPI@@W4VertexCompressionType_t@@PAPAVCBasePerMaterialContextData@@@Z 10001050 f i teeth.obj
 0001:00000050       ?OnDrawElements@CShader@SDK_UnlitTwoTexture@@UAEXPAPAVIMaterialVar@@PAVIShaderShadow@@PAVIShaderDynamicAPI@@W4VertexCompressionType_t@@PAPAVCBasePerMaterialContextData@@@Z 10001050 f i unlittwotexture_dx9.obj
 0001:00000050       ?OnDrawElements@CShader@SDK_VolumeClouds@@UAEXPAPAVIMaterialVar@@PAVIShaderShadow@@PAVIShaderDynamicAPI@@W4VertexCompressionType_t@@PAPAVCBasePerMaterialContextData@@@Z 10001050 f i dx8fallbacks.obj
 0001:00000050       ?OnDrawElements@CShader@SDK_Eyeball@@UAEXPAPAVIMaterialVar@@PAVIShaderShadow@@PAVIShaderDynamicAPI@@W4VertexCompressionType_t@@PAPAVCBasePerMaterialContextData@@@Z 10001050 f i eyeball.obj
 0001:00000050       ?OnDrawElements@CShader@SDK_screenspace_general@@UAEXPAPAVIMaterialVar@@PAVIShaderShadow@@PAVIShaderDynamicAPI@@W4VertexCompressionType_t@@PAPAVCBasePerMaterialContextData@@@Z 10001050 f i screenspace_general.obj
 0001:00000050       ?OnDrawElements@CShader@SDK_Cable@@UAEXPAPAVIMaterialVar@@PAVIShaderShadow@@PAVIShaderDynamicAPI@@W4VertexCompressionType_t@@PAPAVCBasePerMaterialContextData@@@Z 10001050 f i cable_dx9.obj
 0001:00000050       ?OnDrawElements@CShader@SDK_Water@@UAEXPAPAVIMaterialVar@@PAVIShaderShadow@@PAVIShaderDynamicAPI@@W4VertexCompressionType_t@@PAPAVCBasePerMaterialContextData@@@Z 10001050 f i water.obj
 0001:00000050       ?OnDrawElements@CShader@SDK_AfterShock@@UAEXPAPAVIMaterialVar@@PAVIShaderShadow@@PAVIShaderDynamicAPI@@W4VertexCompressionType_t@@PAPAVCBasePerMaterialContextData@@@Z 10001050 f i dx8fallbacks.obj
 0001:00000050       ?OnDrawElements@CShader@SDK_WorldVertexTransition@@UAEXPAPAVIMaterialVar@@PAVIShaderShadow@@PAVIShaderDynamicAPI@@W4VertexCompressionType_t@@PAPAVCBasePerMaterialContextData@@@Z 10001050 f i worldvertextransition.obj
 0001:00000050       ?OnDrawElements@CShader@SDK_EyeRefract@@UAEXPAPAVIMaterialVar@@PAVIShaderShadow@@PAVIShaderDynamicAPI@@W4VertexCompressionType_t@@PAPAVCBasePerMaterialContextData@@@Z 10001050 f i dx8fallbacks.obj
 0001:00000050       ?OnDrawElements@CShader@SDK_DepthWrite@@UAEXPAPAVIMaterialVar@@PAVIShaderShadow@@PAVIShaderDynamicAPI@@W4VertexCompressionType_t@@PAPAVCBasePerMaterialContextData@@@Z 10001050 f i dx8fallbacks.obj
 0001:00000060       ?GetFallbackShader@CShader@SDK_LightmappedReflective_DX90@@UBEPBDPAPAVIMaterialVar@@@Z 10001060 f i lightmappedreflective.obj
 0001:00000060       ?GetFallbackShader@CBaseShader@@UBEPBDPAPAVIMaterialVar@@@Z 10001060 f i aftershock.obj
 0001:00000060       ?GetFallbackShader@CShader@SDK_LightmappedGeneric_Decal@@UBEPBDPAPAVIMaterialVar@@@Z 10001060 f i lightmappedgeneric_decal.obj
 0001:00000070       ?GetNumParams@CShader@SDK_Aftershock@@UBEHXZ 10001070 f i aftershock.obj
 0001:00000080       ?SetupVarsAftershock@CShader@SDK_Aftershock_dx9@@QAEXAAUAftershockVars_t@@@Z 10001080 f i aftershock.obj
 0001:000000f0       ?OnInitShaderParams@CShader@SDK_Aftershock_dx9@@UAEXPAPAVIMaterialVar@@PBD@Z 100010f0 f i aftershock.obj
 0001:00000140       ?GetFallbackShader@CShader@SDK_Aftershock_dx9@@UBEPBDPAPAVIMaterialVar@@@Z 10001140 f i aftershock.obj
 0001:00000170       ?GetName@CShader@SDK_Aftershock_dx9@@UBEPBDXZ 10001170 f i aftershock.obj
 0001:00000180       ?GetFlags@CShader@SDK_Aftershock_dx9@@UBEHXZ 10001180 f i aftershock.obj
 0001:00000190       ?OnInitShaderInstance@CShader@SDK_Aftershock_dx9@@UAEXPAPAVIMaterialVar@@PAVIShaderInit@@PBD@Z 10001190 f i aftershock.obj
 0001:000001d0       ?OnDrawElements@CShader@SDK_Aftershock_dx9@@UAEXPAPAVIMaterialVar@@PAVIShaderShadow@@PAVIShaderDynamicAPI@@W4VertexCompressionType_t@@PAPAVCBasePerMaterialContextData@@@Z 100011d0 f i aftershock.obj
 0001:00000220       ?GetNumParams@CShader@SDK_Aftershock_dx9@@UBEHXZ 10001220 f i aftershock.obj
 0001:00000230       ?GetParamName@CShader@SDK_Aftershock@@UBEPBDH@Z 10001230 f i aftershock.obj
 0001:00000260       ?GetParamHelp@CShader@SDK_Aftershock@@UBEPBDH@Z 10001260 f i aftershock.obj
 0001:000002a0       ?GetParamType@CShader@SDK_Aftershock@@UBE?AW4ShaderParamType_t@@H@Z 100012a0 f i aftershock.obj
 0001:000002d0       ?GetParamDefault@CShader@SDK_Aftershock@@UBEPBDH@Z 100012d0 f i aftershock.obj
 0001:00000310       ?GetParamFlags@CShader@SDK_Aftershock@@UBEHH@Z 10001310 f i aftershock.obj
 0001:00000350       ?GetParamName@CShader@SDK_Aftershock_dx9@@UBEPBDH@Z 10001350 f i aftershock.obj
 0001:00000380       ?GetParamHelp@CShader@SDK_Aftershock_dx9@@UBEPBDH@Z 10001380 f i aftershock.obj
 0001:000003c0       ?GetParamType@CShader@SDK_Aftershock_dx9@@UBE?AW4ShaderParamType_t@@H@Z 100013c0 f i aftershock.obj
 0001:000003f0       ?GetParamDefault@CShader@SDK_Aftershock_dx9@@UBEPBDH@Z 100013f0 f i aftershock.obj
 0001:00000430       ?GetParamFlags@CShader@SDK_Aftershock_dx9@@UBEHH@Z 10001430 f i aftershock.obj
 0001:00000470       ?InitParamsAftershock@@YAXPAVCBaseVSShader@@PAPAVIMaterialVar@@PBDAAUAftershockVars_t@@@Z 10001470 f   aftershock_helper.obj
 0001:00000680       ?InitAftershock@@YAXPAVCBaseVSShader@@PAPAVIMaterialVar@@AAUAftershockVars_t@@@Z 10001680 f   aftershock_helper.obj
 0001:000006e0       ?DrawAftershock@@YAXPAVCBaseVSShader@@PAPAVIMaterialVar@@PAVIShaderDynamicAPI@@PAVIShaderShadow@@AAUAftershockVars_t@@W4VertexCompressionType_t@@@Z 100016e0 f   aftershock_helper.obj
 0001:00000c00       ?SetPixelShaderConstant@CBaseVSShader@@QAEXHHH@Z 10001c00 f   BaseVSShader.obj
 0001:00000c80       ?SetPixelShaderConstant@CBaseVSShader@@QAEXHH@Z 10001c80 f   BaseVSShader.obj
 0001:00000cf0       ?SetPixelShaderConstantGammaToLinear@CBaseVSShader@@QAEXHH@Z 10001cf0 f   BaseVSShader.obj
 0001:00000de0       ?SetVertexShaderConstant@CBaseVSShader@@QAEXHH@Z 10001de0 f   BaseVSShader.obj
 0001:00000e50       ?SetVertexShaderTextureTransform@CBaseVSShader@@QAEXHH@Z 10001e50 f   BaseVSShader.obj
 0001:00000f00       ?SetVertexShaderTextureScaledTransform@CBaseVSShader@@QAEXHHH@Z 10001f00 f   BaseVSShader.obj
 0001:00001040       ?LoadProjectionMatrixIntoVertexShaderConstant@CBaseVSShader@@QAEXH@Z 10002040 f   BaseVSShader.obj
 0001:000010a0       ?LoadModelViewMatrixIntoVertexShaderConstant@CBaseVSShader@@QAEXH@Z 100020a0 f   BaseVSShader.obj
 0001:00001130       ?EnablePixelShaderOverbright@CBaseVSShader@@QAEXH_N0@Z 10002130 f   BaseVSShader.obj
 0001:00001190       ?SetModulationPixelShaderDynamicState@CBaseVSShader@@QAEXH@Z 10002190 f   BaseVSShader.obj
 0001:000011d0       ?SetModulationPixelShaderDynamicState_LinearColorSpace@CBaseVSShader@@QAEXH@Z 100021d0 f   BaseVSShader.obj
 0001:00001280       ?SetModulationPixelShaderDynamicState_LinearColorSpace_LinearScale@CBaseVSShader@@QAEXHM@Z 10002280 f   BaseVSShader.obj
 0001:00001330       ?SetEnvMapTintPixelShaderDynamicState@CBaseVSShader@@QAEXHHH_N@Z 10002330 f   BaseVSShader.obj
 0001:000013e0       ?SetAmbientCubeDynamicStateVertexShader@CBaseVSShader@@QAEXXZ 100023e0 f   BaseVSShader.obj
 0001:000013f0       ?SetHWMorphVertexShaderState@CBaseVSShader@@QAEXHHW4VertexTextureSampler_t@@@Z 100023f0 f   BaseVSShader.obj
 0001:00001530       ?EvaluateBlendRequirements@CBaseVSShader@@QAE?AW4BlendType_t@@H_NH@Z 10002530 f   BaseVSShader.obj
 0001:000015c0       ?SetFlashlightVertexShaderConstants@CBaseVSShader@@QAEX_NH0H0@Z 100025c0 f   BaseVSShader.obj
 0001:000016c0       ?DrawFlashlight_dx80@CBaseVSShader@@QAEXPAPAVIMaterialVar@@PAVIShaderDynamicAPI@@PAVIShaderShadow@@_NHHHHH33HHH3HH@Z 100026c0 f   BaseVSShader.obj
 0001:00001a10       ?HashShadow2DJitter@CBaseVSShader@@QAEXMPAM0@Z 10002a10 f   BaseVSShader.obj
 0001:00001a70       ?DrawEqualDepthToDestAlpha@CBaseVSShader@@QAEXXZ 10002a70 f   BaseVSShader.obj
 0001:00001b70       ?DrawFlashlight_dx90@CBaseVSShader@@QAEXPAPAVIMaterialVar@@PAVIShaderDynamicAPI@@PAVIShaderShadow@@AAUDrawFlashlight_dx90_Vars_t@1@@Z 10002b70 f   BaseVSShader.obj
 0001:00002440       ?GetName@CShader@SDK_Bloom@@UBEPBDXZ 10003440 f i Bloom.obj
 0001:00002450       ?GetFlags@CShader@SDK_Bloom@@UBEHXZ 10003450 f i Bloom.obj
 0001:00002460       ?OnInitShaderInstance@CShader@SDK_Bloom@@UAEXPAPAVIMaterialVar@@PAVIShaderInit@@PBD@Z 10003460 f i Bloom.obj
 0001:000024b0       ?OnDrawElements@CShader@SDK_Bloom@@UAEXPAPAVIMaterialVar@@PAVIShaderShadow@@PAVIShaderDynamicAPI@@W4VertexCompressionType_t@@PAPAVCBasePerMaterialContextData@@@Z 100034b0 f i Bloom.obj
 0001:000025b0       ?GetNumParams@CShader@SDK_Bloom@@UBEHXZ 100035b0 f i Bloom.obj
 0001:000025c0       ?GetParamName@CShader@SDK_Bloom@@UBEPBDH@Z 100035c0 f i Bloom.obj
 0001:000025f0       ?GetParamHelp@CShader@SDK_Bloom@@UBEPBDH@Z 100035f0 f i Bloom.obj
 0001:00002630       ?GetParamType@CShader@SDK_Bloom@@UBE?AW4ShaderParamType_t@@H@Z 10003630 f i Bloom.obj
 0001:00002660       ?GetParamDefault@CShader@SDK_Bloom@@UBEPBDH@Z 10003660 f i Bloom.obj
 0001:000026a0       ?GetParamFlags@CShader@SDK_Bloom@@UBEHH@Z 100036a0 f i Bloom.obj
 0001:000026e0       ?GetFallbackShader@CShader@SDK_Cable@@UBEPBDPAPAVIMaterialVar@@@Z 100036e0 f i cable_dx9.obj
 0001:000026f0       ?GetName@CShader@SDK_Cable@@UBEPBDXZ 100036f0 f i cable_dx9.obj
 0001:00002700       ?GetFlags@CShader@SDK_Cable@@UBEHXZ 10003700 f i cable_dx9.obj
 0001:00002710       ?GetNumParams@CShader@SDK_Cable@@UBEHXZ 10003710 f i cable_dx9.obj
 0001:00002720       ?GetFallbackShader@CShader@SDK_Cable_DX9@@UBEPBDPAPAVIMaterialVar@@@Z 10003720 f i cable_dx9.obj
 0001:00002770       ?GetName@CShader@SDK_Cable_DX9@@UBEPBDXZ 10003770 f i cable_dx9.obj
 0001:00002780       ?GetFlags@CShader@SDK_Cable_DX9@@UBEHXZ 10003780 f i cable_dx9.obj
 0001:00002790       ?OnInitShaderInstance@CShader@SDK_Cable_DX9@@UAEXPAPAVIMaterialVar@@PAVIShaderInit@@PBD@Z 10003790 f i cable_dx9.obj
 0001:000027b0       ?OnDrawElements@CShader@SDK_Cable_DX9@@UAEXPAPAVIMaterialVar@@PAVIShaderShadow@@PAVIShaderDynamicAPI@@W4VertexCompressionType_t@@PAPAVCBasePerMaterialContextData@@@Z 100037b0 f i cable_dx9.obj
 0001:00002a60       ?GetNumParams@CShader@SDK_Cable_DX9@@UBEHXZ 10003a60 f i cable_dx9.obj
 0001:00002a70       ?GetParamName@CShader@SDK_Cable@@UBEPBDH@Z 10003a70 f i cable_dx9.obj
 0001:00002aa0       ?GetParamHelp@CShader@SDK_Cable@@UBEPBDH@Z 10003aa0 f i cable_dx9.obj
 0001:00002ae0       ?GetParamType@CShader@SDK_Cable@@UBE?AW4ShaderParamType_t@@H@Z 10003ae0 f i cable_dx9.obj
 0001:00002b10       ?GetParamDefault@CShader@SDK_Cable@@UBEPBDH@Z 10003b10 f i cable_dx9.obj
 0001:00002b50       ?GetParamFlags@CShader@SDK_Cable@@UBEHH@Z 10003b50 f i cable_dx9.obj
 0001:00002b90       ?GetParamName@CShader@SDK_Cable_DX9@@UBEPBDH@Z 10003b90 f i cable_dx9.obj
 0001:00002bc0       ?GetParamHelp@CShader@SDK_Cable_DX9@@UBEPBDH@Z 10003bc0 f i cable_dx9.obj
 0001:00002c00       ?GetParamType@CShader@SDK_Cable_DX9@@UBE?AW4ShaderParamType_t@@H@Z 10003c00 f i cable_dx9.obj
 0001:00002c30       ?GetParamDefault@CShader@SDK_Cable_DX9@@UBEPBDH@Z 10003c30 f i cable_dx9.obj
 0001:00002c70       ?GetParamFlags@CShader@SDK_Cable_DX9@@UBEHH@Z 10003c70 f i cable_dx9.obj
 0001:00002cb0       ?InitParamsCloakBlendedPass@@YAXPAVCBaseVSShader@@PAPAVIMaterialVar@@PBDAAUCloakBlendedPassVars_t@@@Z 10003cb0 f   cloak_blended_pass_helper.obj
 0001:00002db0       ?InitCloakBlendedPass@@YAXPAVCBaseVSShader@@PAPAVIMaterialVar@@AAUCloakBlendedPassVars_t@@@Z 10003db0 f   cloak_blended_pass_helper.obj
 0001:00002e00       ?DrawCloakBlendedPass@@YAXPAVCBaseVSShader@@PAPAVIMaterialVar@@PAVIShaderDynamicAPI@@PAVIShaderShadow@@AAUCloakBlendedPassVars_t@@W4VertexCompressionType_t@@@Z 10003e00 f   cloak_blended_pass_helper.obj
 0001:00003240       ?CloakBlendedPassIsFullyOpaque@@YA_NPAPAVIMaterialVar@@AAUCloakBlendedPassVars_t@@@Z 10004240 f   cloak_blended_pass_helper.obj
 0001:00003350       ?GetFallbackShader@CShader@SDK_Core@@UBEPBDPAPAVIMaterialVar@@@Z 10004350 f i core_dx9.obj
 0001:00003360       ?GetName@CShader@SDK_Core@@UBEPBDXZ 10004360 f i core_dx9.obj
 0001:00003370       ?GetFlags@CShader@SDK_Core@@UBEHXZ 10004370 f i core_dx9.obj
 0001:00003380       ?GetNumParams@CShader@SDK_Core@@UBEHXZ 10004380 f i core_dx9.obj
 0001:00003390       ?OnInitShaderParams@CShader@SDK_Core_DX90@@UAEXPAPAVIMaterialVar@@PBD@Z 10004390 f i core_dx9.obj
 0001:00003490       ?GetFallbackShader@CShader@SDK_Core_DX90@@UBEPBDPAPAVIMaterialVar@@@Z 10004490 f i core_dx9.obj
 0001:000034c0       ?GetName@CShader@SDK_Core_DX90@@UBEPBDXZ 100044c0 f i core_dx9.obj
 0001:000034d0       ?GetFlags@CShader@SDK_Core_DX90@@UBEHXZ 100044d0 f i core_dx9.obj
 0001:000034e0       ?OnInitShaderInstance@CShader@SDK_Core_DX90@@UAEXPAPAVIMaterialVar@@PAVIShaderInit@@PBD@Z 100044e0 f i core_dx9.obj
 0001:00003590       ?DrawPass@CShader@SDK_Core_DX90@@QAEXPAPAVIMaterialVar@@PAVIShaderShadow@@PAVIShaderDynamicAPI@@HW4VertexCompressionType_t@@@Z 10004590 f i core_dx9.obj
 0001:00003ad0       ?OnDrawElements@CShader@SDK_Core_DX90@@UAEXPAPAVIMaterialVar@@PAVIShaderShadow@@PAVIShaderDynamicAPI@@W4VertexCompressionType_t@@PAPAVCBasePerMaterialContextData@@@Z 10004ad0 f i core_dx9.obj
 0001:00003b10       ?GetNumParams@CShader@SDK_Core_DX90@@UBEHXZ 10004b10 f i core_dx9.obj
 0001:00003b20       ?GetParamName@CShader@SDK_Core@@UBEPBDH@Z 10004b20 f i core_dx9.obj
 0001:00003b50       ?GetParamHelp@CShader@SDK_Core@@UBEPBDH@Z 10004b50 f i core_dx9.obj
 0001:00003b90       ?GetParamType@CShader@SDK_Core@@UBE?AW4ShaderParamType_t@@H@Z 10004b90 f i core_dx9.obj
 0001:00003bc0       ?GetParamDefault@CShader@SDK_Core@@UBEPBDH@Z 10004bc0 f i core_dx9.obj
 0001:00003c00       ?GetParamFlags@CShader@SDK_Core@@UBEHH@Z 10004c00 f i core_dx9.obj
 0001:00003c40       ?GetParamName@CShader@SDK_Core_DX90@@UBEPBDH@Z 10004c40 f i core_dx9.obj
 0001:00003c70       ?GetParamHelp@CShader@SDK_Core_DX90@@UBEPBDH@Z 10004c70 f i core_dx9.obj
 0001:00003cb0       ?GetParamType@CShader@SDK_Core_DX90@@UBE?AW4ShaderParamType_t@@H@Z 10004cb0 f i core_dx9.obj
 0001:00003ce0       ?GetParamDefault@CShader@SDK_Core_DX90@@UBEPBDH@Z 10004ce0 f i core_dx9.obj
 0001:00003d20       ?GetParamFlags@CShader@SDK_Core_DX90@@UBEHH@Z 10004d20 f i core_dx9.obj
 0001:00003d60       ?GetName@CShader@SDK_DepthWrite@@UBEPBDXZ 10004d60 f i dx8fallbacks.obj
 0001:00003d70       ?GetFlags@CShader@SDK_DepthWrite@@UBEHXZ 10004d70 f i dx8fallbacks.obj
 0001:00003d80       ?GetFallbackShader@CShader@SDK_EyeRefract@@UBEPBDPAPAVIMaterialVar@@@Z 10004d80 f i dx8fallbacks.obj
 0001:00003d90       ?GetName@CShader@SDK_EyeRefract@@UBEPBDXZ 10004d90 f i dx8fallbacks.obj
 0001:00003da0       ?GetFlags@CShader@SDK_EyeRefract@@UBEHXZ 10004da0 f i dx8fallbacks.obj
 0001:00003db0       ?GetFallbackShader@CShader@SDK_VolumeClouds@@UBEPBDPAPAVIMaterialVar@@@Z 10004db0 f i dx8fallbacks.obj
 0001:00003dc0       ?GetName@CShader@SDK_VolumeClouds@@UBEPBDXZ 10004dc0 f i dx8fallbacks.obj
 0001:00003dd0       ?GetFlags@CShader@SDK_VolumeClouds@@UBEHXZ 10004dd0 f i dx8fallbacks.obj
 0001:00003de0       ?GetFallbackShader@CShader@SDK_EyeGlint@@UBEPBDPAPAVIMaterialVar@@@Z 10004de0 f i dx8fallbacks.obj
 0001:00003df0       ?GetName@CShader@SDK_EyeGlint@@UBEPBDXZ 10004df0 f i dx8fallbacks.obj
 0001:00003e00       ?GetFlags@CShader@SDK_EyeGlint@@UBEHXZ 10004e00 f i dx8fallbacks.obj
 0001:00003e10       ?GetFallbackShader@CShader@SDK_AfterShock@@UBEPBDPAPAVIMaterialVar@@@Z 10004e10 f i dx8fallbacks.obj
 0001:00003e20       ?GetName@CShader@SDK_AfterShock@@UBEPBDXZ 10004e20 f i dx8fallbacks.obj
 0001:00003e30       ?GetFlags@CShader@SDK_AfterShock@@UBEHXZ 10004e30 f i dx8fallbacks.obj
 0001:00003e40       ?GetNumParams@CShader@SDK_DepthWrite@@UBEHXZ 10004e40 f i dx8fallbacks.obj
 0001:00003e50       ?GetNumParams@CShader@SDK_EyeRefract@@UBEHXZ 10004e50 f i dx8fallbacks.obj
 0001:00003e60       ?GetNumParams@CShader@SDK_VolumeClouds@@UBEHXZ 10004e60 f i dx8fallbacks.obj
 0001:00003e70       ?GetNumParams@CShader@SDK_EyeGlint@@UBEHXZ 10004e70 f i dx8fallbacks.obj
 0001:00003e80       ?GetNumParams@CShader@SDK_AfterShock@@UBEHXZ 10004e80 f i dx8fallbacks.obj
 0001:00003e90       ?GetParamName@CShader@SDK_DepthWrite@@UBEPBDH@Z 10004e90 f i dx8fallbacks.obj
 0001:00003ec0       ?GetParamHelp@CShader@SDK_DepthWrite@@UBEPBDH@Z 10004ec0 f i dx8fallbacks.obj
 0001:00003f00       ?GetParamType@CShader@SDK_DepthWrite@@UBE?AW4ShaderParamType_t@@H@Z 10004f00 f i dx8fallbacks.obj
 0001:00003f30       ?GetParamDefault@CShader@SDK_DepthWrite@@UBEPBDH@Z 10004f30 f i dx8fallbacks.obj
 0001:00003f70       ?GetParamFlags@CShader@SDK_DepthWrite@@UBEHH@Z 10004f70 f i dx8fallbacks.obj
 0001:00003fb0       ?GetParamName@CShader@SDK_EyeRefract@@UBEPBDH@Z 10004fb0 f i dx8fallbacks.obj
 0001:00003fe0       ?GetParamHelp@CShader@SDK_EyeRefract@@UBEPBDH@Z 10004fe0 f i dx8fallbacks.obj
 0001:00004020       ?GetParamType@CShader@SDK_EyeRefract@@UBE?AW4ShaderParamType_t@@H@Z 10005020 f i dx8fallbacks.obj
 0001:00004050       ?GetParamDefault@CShader@SDK_EyeRefract@@UBEPBDH@Z 10005050 f i dx8fallbacks.obj
 0001:00004090       ?GetParamFlags@CShader@SDK_EyeRefract@@UBEHH@Z 10005090 f i dx8fallbacks.obj
 0001:000040d0       ?GetParamName@CShader@SDK_VolumeClouds@@UBEPBDH@Z 100050d0 f i dx8fallbacks.obj
 0001:00004100       ?GetParamHelp@CShader@SDK_VolumeClouds@@UBEPBDH@Z 10005100 f i dx8fallbacks.obj
 0001:00004140       ?GetParamType@CShader@SDK_VolumeClouds@@UBE?AW4ShaderParamType_t@@H@Z 10005140 f i dx8fallbacks.obj
 0001:00004170       ?GetParamDefault@CShader@SDK_VolumeClouds@@UBEPBDH@Z 10005170 f i dx8fallbacks.obj
 0001:000041b0       ?GetParamFlags@CShader@SDK_VolumeClouds@@UBEHH@Z 100051b0 f i dx8fallbacks.obj
 0001:000041f0       ?GetParamName@CShader@SDK_EyeGlint@@UBEPBDH@Z 100051f0 f i dx8fallbacks.obj
 0001:00004220       ?GetParamHelp@CShader@SDK_EyeGlint@@UBEPBDH@Z 10005220 f i dx8fallbacks.obj
 0001:00004260       ?GetParamType@CShader@SDK_EyeGlint@@UBE?AW4ShaderParamType_t@@H@Z 10005260 f i dx8fallbacks.obj
 0001:00004290       ?GetParamDefault@CShader@SDK_EyeGlint@@UBEPBDH@Z 10005290 f i dx8fallbacks.obj
 0001:000042d0       ?GetParamFlags@CShader@SDK_EyeGlint@@UBEHH@Z 100052d0 f i dx8fallbacks.obj
 0001:00004310       ?GetParamName@CShader@SDK_AfterShock@@UBEPBDH@Z 10005310 f i dx8fallbacks.obj
 0001:00004340       ?GetParamHelp@CShader@SDK_AfterShock@@UBEPBDH@Z 10005340 f i dx8fallbacks.obj
 0001:00004380       ?GetParamType@CShader@SDK_AfterShock@@UBE?AW4ShaderParamType_t@@H@Z 10005380 f i dx8fallbacks.obj
 0001:000043b0       ?GetParamDefault@CShader@SDK_AfterShock@@UBEPBDH@Z 100053b0 f i dx8fallbacks.obj
 0001:000043f0       ?GetParamFlags@CShader@SDK_AfterShock@@UBEHH@Z 100053f0 f i dx8fallbacks.obj
 0001:00004430       ?InitParamsEmissiveScrollBlendedPass@@YAXPAVCBaseVSShader@@PAPAVIMaterialVar@@PBDAAUEmissiveScrollBlendedPassVars_t@@@Z 10005430 f   emissive_scroll_blended_pass_helper.obj
 0001:00004500       ?InitEmissiveScrollBlendedPass@@YAXPAVCBaseVSShader@@PAPAVIMaterialVar@@AAUEmissiveScrollBlendedPassVars_t@@@Z 10005500 f   emissive_scroll_blended_pass_helper.obj
 0001:00004530       ?DrawEmissiveScrollBlendedPass@@YAXPAVCBaseVSShader@@PAPAVIMaterialVar@@PAVIShaderDynamicAPI@@PAVIShaderShadow@@AAUEmissiveScrollBlendedPassVars_t@@W4VertexCompressionType_t@@@Z 10005530 f   emissive_scroll_blended_pass_helper.obj
 0001:000048c0       ?SetupVarsEyeRefract@CShader@SDK_EyeRefract_dx9@@QAEXAAUEye_Refract_Vars_t@@@Z 100058c0 f i eye_refract.obj
 0001:00004990       ?NeedsPowerOfTwoFrameBufferTexture@CShader@SDK_EyeRefract_dx9@@UBE_NPAPAVIMaterialVar@@_N@Z 10005990 f i eye_refract.obj
 0001:000049e0       ?IsTranslucent@CShader@SDK_EyeRefract_dx9@@UBE_NPAPAVIMaterialVar@@@Z 100059e0 f i eye_refract.obj
 0001:00004a30       ?OnInitShaderParams@CShader@SDK_EyeRefract_dx9@@UAEXPAPAVIMaterialVar@@PBD@Z 10005a30 f i eye_refract.obj
 0001:00004ba0       ?GetFallbackShader@CShader@SDK_EyeRefract_dx9@@UBEPBDPAPAVIMaterialVar@@@Z 10005ba0 f i eye_refract.obj
 0001:00004ba0       ?GetFallbackShader@CShader@SDK_Eyes_dx9@@UBEPBDPAPAVIMaterialVar@@@Z 10005ba0 f i eyes_dx9.obj
 0001:00004bd0       ?GetName@CShader@SDK_EyeRefract_dx9@@UBEPBDXZ 10005bd0 f i eye_refract.obj
 0001:00004be0       ?GetFlags@CShader@SDK_EyeRefract_dx9@@UBEHXZ 10005be0 f i eye_refract.obj
 0001:00004bf0       ?OnInitShaderInstance@CShader@SDK_EyeRefract_dx9@@UAEXPAPAVIMaterialVar@@PAVIShaderInit@@PBD@Z 10005bf0 f i eye_refract.obj
 0001:00004d00       ?OnDrawElements@CShader@SDK_EyeRefract_dx9@@UAEXPAPAVIMaterialVar@@PAVIShaderShadow@@PAVIShaderDynamicAPI@@W4VertexCompressionType_t@@PAPAVCBasePerMaterialContextData@@@Z 10005d00 f i eye_refract.obj
 0001:00004f00       ?GetNumParams@CShader@SDK_EyeRefract_dx9@@UBEHXZ 10005f00 f i eye_refract.obj
 0001:00004f10       ?GetParamName@CShader@SDK_EyeRefract_dx9@@UBEPBDH@Z 10005f10 f i eye_refract.obj
 0001:00004f40       ?GetParamHelp@CShader@SDK_EyeRefract_dx9@@UBEPBDH@Z 10005f40 f i eye_refract.obj
 0001:00004f80       ?GetParamType@CShader@SDK_EyeRefract_dx9@@UBE?AW4ShaderParamType_t@@H@Z 10005f80 f i eye_refract.obj
 0001:00004fb0       ?GetParamDefault@CShader@SDK_EyeRefract_dx9@@UBEPBDH@Z 10005fb0 f i eye_refract.obj
 0001:00004ff0       ?GetParamFlags@CShader@SDK_EyeRefract_dx9@@UBEHH@Z 10005ff0 f i eye_refract.obj
 0001:00005030       ?HasDynamicLight@LightState_t@@QAEHXZ 10006030 f i eye_refract_helper.obj
 0001:00005050       ?InitParams_Eyes_Refract@@YAXPAVCBaseVSShader@@PAPAVIMaterialVar@@PBDAAUEye_Refract_Vars_t@@@Z 10006050 f   eye_refract_helper.obj
 0001:00005230       ?Init_Eyes_Refract@@YAXPAVCBaseVSShader@@PAPAVIMaterialVar@@AAUEye_Refract_Vars_t@@@Z 10006230 f   eye_refract_helper.obj
 0001:000052a0       ??4FlashlightState_t@@QAEAAU0@ABU0@@Z 100062a0 f i eye_refract_helper.obj
 0001:00005380       ?Draw_Eyes_Refract_Internal@@YAXPAVCBaseVSShader@@PAPAVIMaterialVar@@PAVIShaderDynamicAPI@@PAVIShaderShadow@@_NAAUEye_Refract_Vars_t@@W4VertexCompressionType_t@@@Z 10006380 f   eye_refract_helper.obj
 0001:000061c0       ?Draw_Eyes_Refract@@YAXPAVCBaseVSShader@@PAPAVIMaterialVar@@PAVIShaderDynamicAPI@@PAVIShaderShadow@@AAUEye_Refract_Vars_t@@W4VertexCompressionType_t@@@Z 100071c0 f   eye_refract_helper.obj
 0001:00006240       ?GetFallbackShader@CShader@SDK_Eyeball@@UBEPBDPAPAVIMaterialVar@@@Z 10007240 f i eyeball.obj
 0001:00006240       ?GetFallbackShader@CShader@SDK_DepthWrite@@UBEPBDPAPAVIMaterialVar@@@Z 10007240 f i dx8fallbacks.obj
 0001:00006250       ?GetName@CShader@SDK_Eyeball@@UBEPBDXZ 10007250 f i eyeball.obj
 0001:00006260       ?GetFlags@CShader@SDK_Eyeball@@UBEHXZ 10007260 f i eyeball.obj
 0001:00006270       ?GetNumParams@CShader@SDK_Eyeball@@UBEHXZ 10007270 f i eyeball.obj
 0001:00006280       ?GetParamName@CShader@SDK_Eyeball@@UBEPBDH@Z 10007280 f i eyeball.obj
 0001:000062b0       ?GetParamHelp@CShader@SDK_Eyeball@@UBEPBDH@Z 100072b0 f i eyeball.obj
 0001:000062f0       ?GetParamType@CShader@SDK_Eyeball@@UBE?AW4ShaderParamType_t@@H@Z 100072f0 f i eyeball.obj
 0001:00006320       ?GetParamDefault@CShader@SDK_Eyeball@@UBEPBDH@Z 10007320 f i eyeball.obj
 0001:00006360       ?GetParamFlags@CShader@SDK_Eyeball@@UBEHH@Z 10007360 f i eyeball.obj
 0001:000063a0       ?GetName@CShader@SDK_EyeGlint_dx9@@UBEPBDXZ 100073a0 f i eyeglint_dx9.obj
 0001:000063b0       ?GetFlags@CShader@SDK_EyeGlint_dx9@@UBEHXZ 100073b0 f i eyeglint_dx9.obj
 0001:000063c0       ?OnDrawElements@CShader@SDK_EyeGlint_dx9@@UAEXPAPAVIMaterialVar@@PAVIShaderShadow@@PAVIShaderDynamicAPI@@W4VertexCompressionType_t@@PAPAVCBasePerMaterialContextData@@@Z 100073c0 f i eyeglint_dx9.obj
 0001:000064c0       ?GetNumParams@CShader@SDK_EyeGlint_dx9@@UBEHXZ 100074c0 f i eyeglint_dx9.obj
 0001:000064d0       ?GetParamName@CShader@SDK_EyeGlint_dx9@@UBEPBDH@Z 100074d0 f i eyeglint_dx9.obj
 0001:00006500       ?GetParamHelp@CShader@SDK_EyeGlint_dx9@@UBEPBDH@Z 10007500 f i eyeglint_dx9.obj
 0001:00006540       ?GetParamType@CShader@SDK_EyeGlint_dx9@@UBE?AW4ShaderParamType_t@@H@Z 10007540 f i eyeglint_dx9.obj
 0001:00006570       ?GetParamDefault@CShader@SDK_EyeGlint_dx9@@UBEPBDH@Z 10007570 f i eyeglint_dx9.obj
 0001:000065b0       ?GetParamFlags@CShader@SDK_EyeGlint_dx9@@UBEHH@Z 100075b0 f i eyeglint_dx9.obj
 0001:000065f0       ?GetFallbackShader@CShader@SDK_eyes@@UBEPBDPAPAVIMaterialVar@@@Z 100075f0 f i eyes.obj
 0001:00006600       ?GetName@CShader@SDK_eyes@@UBEPBDXZ 10007600 f i eyes.obj
 0001:00006610       ?GetFlags@CShader@SDK_eyes@@UBEHXZ 10007610 f i eyes.obj
 0001:00006620       ?GetNumParams@CShader@SDK_eyes@@UBEHXZ 10007620 f i eyes.obj
 0001:00006630       ?SetupVars@CShader@SDK_Eyes_dx8@@QAEXAAUEyes_DX8_DX9_Vars_t@@@Z 10007630 f i eyes.obj
 0001:000066c0       ?NeedsPowerOfTwoFrameBufferTexture@CShader@SDK_Eyes_dx8@@UBE_NPAPAVIMaterialVar@@_N@Z 100076c0 f i eyes.obj
 0001:00006710       ?IsTranslucent@CShader@SDK_Eyes_dx8@@UBE_NPAPAVIMaterialVar@@@Z 10007710 f i eyes.obj
 0001:00006760       ?OnInitShaderParams@CShader@SDK_Eyes_dx8@@UAEXPAPAVIMaterialVar@@PBD@Z 10007760 f i eyes.obj
 0001:00006830       ?GetFallbackShader@CShader@SDK_Eyes_dx8@@UBEPBDPAPAVIMaterialVar@@@Z 10007830 f i eyes.obj
 0001:00006860       ?GetName@CShader@SDK_Eyes_dx8@@UBEPBDXZ 10007860 f i eyes.obj
 0001:00006870       ?GetFlags@CShader@SDK_Eyes_dx8@@UBEHXZ 10007870 f i eyes.obj
 0001:00006880       ?OnInitShaderInstance@CShader@SDK_Eyes_dx8@@UAEXPAPAVIMaterialVar@@PAVIShaderInit@@PBD@Z 10007880 f i eyes.obj
 0001:00006920       ?OnDrawElements@CShader@SDK_Eyes_dx8@@UAEXPAPAVIMaterialVar@@PAVIShaderShadow@@PAVIShaderDynamicAPI@@W4VertexCompressionType_t@@PAPAVCBasePerMaterialContextData@@@Z 10007920 f i eyes.obj
 0001:00006a70       ?GetNumParams@CShader@SDK_Eyes_dx8@@UBEHXZ 10007a70 f i eyes.obj
 0001:00006a80       ?GetParamName@CShader@SDK_eyes@@UBEPBDH@Z 10007a80 f i eyes.obj
 0001:00006ab0       ?GetParamHelp@CShader@SDK_eyes@@UBEPBDH@Z 10007ab0 f i eyes.obj
 0001:00006af0       ?GetParamType@CShader@SDK_eyes@@UBE?AW4ShaderParamType_t@@H@Z 10007af0 f i eyes.obj
 0001:00006b20       ?GetParamDefault@CShader@SDK_eyes@@UBEPBDH@Z 10007b20 f i eyes.obj
 0001:00006b60       ?GetParamFlags@CShader@SDK_eyes@@UBEHH@Z 10007b60 f i eyes.obj
 0001:00006ba0       ?GetParamName@CShader@SDK_Eyes_dx8@@UBEPBDH@Z 10007ba0 f i eyes.obj
 0001:00006bd0       ?GetParamHelp@CShader@SDK_Eyes_dx8@@UBEPBDH@Z 10007bd0 f i eyes.obj
 0001:00006c10       ?GetParamType@CShader@SDK_Eyes_dx8@@UBE?AW4ShaderParamType_t@@H@Z 10007c10 f i eyes.obj
 0001:00006c40       ?GetParamDefault@CShader@SDK_Eyes_dx8@@UBEPBDH@Z 10007c40 f i eyes.obj
 0001:00006c80       ?GetParamFlags@CShader@SDK_Eyes_dx8@@UBEHH@Z 10007c80 f i eyes.obj
 0001:00006cc0       ?SimpleSplineRemapVal@@YAMMMMMM@Z 10007cc0 f i eyes_dx8_dx9_helper.obj
 0001:00006d20       ?InitParamsEyes_DX8_DX9@@YAXPAVCBaseVSShader@@PAPAVIMaterialVar@@PBDAAUEyes_DX8_DX9_Vars_t@@@Z 10007d20 f   eyes_dx8_dx9_helper.obj
 0001:00006db0       ?InitEyes_DX8_DX9@@YAXPAVCBaseVSShader@@PAPAVIMaterialVar@@AAUEyes_DX8_DX9_Vars_t@@@Z 10007db0 f   eyes_dx8_dx9_helper.obj
 0001:00007aa0       ?DrawEyes_DX8_DX9@@YAX_NPAVCBaseVSShader@@PAPAVIMaterialVar@@PAVIShaderDynamicAPI@@PAVIShaderShadow@@AAUEyes_DX8_DX9_Vars_t@@W4VertexCompressionType_t@@@Z 10008aa0 f   eyes_dx8_dx9_helper.obj
 0001:00007b50       ?SetupVars@CShader@SDK_Eyes_dx9@@QAEXAAUEyes_DX8_DX9_Vars_t@@@Z 10008b50 f i eyes_dx9.obj
 0001:00007be0       ?OnInitShaderParams@CShader@SDK_Eyes_dx9@@UAEXPAPAVIMaterialVar@@PBD@Z 10008be0 f i eyes_dx9.obj
 0001:00007c30       ?GetName@CShader@SDK_Eyes_dx9@@UBEPBDXZ 10008c30 f i eyes_dx9.obj
 0001:00007c40       ?GetFlags@CShader@SDK_Eyes_dx9@@UBEHXZ 10008c40 f i eyes_dx9.obj
 0001:00007c50       ?OnInitShaderInstance@CShader@SDK_Eyes_dx9@@UAEXPAPAVIMaterialVar@@PAVIShaderInit@@PBD@Z 10008c50 f i eyes_dx9.obj
 0001:00007c90       ?OnDrawElements@CShader@SDK_Eyes_dx9@@UAEXPAPAVIMaterialVar@@PAVIShaderShadow@@PAVIShaderDynamicAPI@@W4VertexCompressionType_t@@PAPAVCBasePerMaterialContextData@@@Z 10008c90 f i eyes_dx9.obj
 0001:00007cf0       ?GetNumParams@CShader@SDK_Eyes_dx9@@UBEHXZ 10008cf0 f i eyes_dx9.obj
 0001:00007d00       ?GetParamName@CShader@SDK_Eyes_dx9@@UBEPBDH@Z 10008d00 f i eyes_dx9.obj
 0001:00007d30       ?GetParamHelp@CShader@SDK_Eyes_dx9@@UBEPBDH@Z 10008d30 f i eyes_dx9.obj
 0001:00007d70       ?GetParamType@CShader@SDK_Eyes_dx9@@UBE?AW4ShaderParamType_t@@H@Z 10008d70 f i eyes_dx9.obj
 0001:00007da0       ?GetParamDefault@CShader@SDK_Eyes_dx9@@UBEPBDH@Z 10008da0 f i eyes_dx9.obj
 0001:00007de0       ?GetParamFlags@CShader@SDK_Eyes_dx9@@UBEHH@Z 10008de0 f i eyes_dx9.obj
 0001:00007e20       ?InitParamsFleshInteriorBlendedPass@@YAXPAVCBaseVSShader@@PAPAVIMaterialVar@@PBDAAUFleshInteriorBlendedPassVars_t@@@Z 10008e20 f   flesh_interior_blended_pass_helper.obj
 0001:000080d0       ?InitFleshInteriorBlendedPass@@YAXPAVCBaseVSShader@@PAPAVIMaterialVar@@AAUFleshInteriorBlendedPassVars_t@@@Z 100090d0 f   flesh_interior_blended_pass_helper.obj
 0001:00008120       ?DrawFleshInteriorBlendedPass@@YAXPAVCBaseVSShader@@PAPAVIMaterialVar@@PAVIShaderDynamicAPI@@PAVIShaderShadow@@AAUFleshInteriorBlendedPassVars_t@@W4VertexCompressionType_t@@@Z 10009120 f   flesh_interior_blended_pass_helper.obj
 0001:00008930       ?OnInitShaderParams@CShader@SDK_LightmappedGeneric_Decal@@UAEXPAPAVIMaterialVar@@PBD@Z 10009930 f i lightmappedgeneric_decal.obj
 0001:000089d0       ?GetName@CShader@SDK_LightmappedGeneric_Decal@@UBEPBDXZ 100099d0 f i lightmappedgeneric_decal.obj
 0001:000089e0       ?GetFlags@CShader@SDK_LightmappedGeneric_Decal@@UBEHXZ 100099e0 f i lightmappedgeneric_decal.obj
 0001:000089f0       ?OnInitShaderInstance@CShader@SDK_LightmappedGeneric_Decal@@UAEXPAPAVIMaterialVar@@PAVIShaderInit@@PBD@Z 100099f0 f i lightmappedgeneric_decal.obj
 0001:00008a80       ?DrawDecal@CShader@SDK_LightmappedGeneric_Decal@@QAEXPAPAVIMaterialVar@@PAVIShaderDynamicAPI@@PAVIShaderShadow@@@Z 10009a80 f i lightmappedgeneric_decal.obj
 0001:00008c00       ?OnDrawElements@CShader@SDK_LightmappedGeneric_Decal@@UAEXPAPAVIMaterialVar@@PAVIShaderShadow@@PAVIShaderDynamicAPI@@W4VertexCompressionType_t@@PAPAVCBasePerMaterialContextData@@@Z 10009c00 f i lightmappedgeneric_decal.obj
 0001:00008c60       ?GetNumParams@CShader@SDK_LightmappedGeneric_Decal@@UBEHXZ 10009c60 f i lightmappedgeneric_decal.obj
 0001:00008c70       ?GetParamName@CShader@SDK_LightmappedGeneric_Decal@@UBEPBDH@Z 10009c70 f i lightmappedgeneric_decal.obj
 0001:00008ca0       ?GetParamHelp@CShader@SDK_LightmappedGeneric_Decal@@UBEPBDH@Z 10009ca0 f i lightmappedgeneric_decal.obj
 0001:00008ce0       ?GetParamType@CShader@SDK_LightmappedGeneric_Decal@@UBE?AW4ShaderParamType_t@@H@Z 10009ce0 f i lightmappedgeneric_decal.obj
 0001:00008d10       ?GetParamDefault@CShader@SDK_LightmappedGeneric_Decal@@UBEPBDH@Z 10009d10 f i lightmappedgeneric_decal.obj
 0001:00008d50       ?GetParamFlags@CShader@SDK_LightmappedGeneric_Decal@@UBEHH@Z 10009d50 f i lightmappedgeneric_decal.obj
 0001:00008d90       ?SetupVars@CShader@SDK_LightmappedGeneric_DX9@@QAEXAAULightmappedGeneric_DX9_Vars_t@@@Z 10009d90 f i lightmappedgeneric_dx9.obj
 0001:00008f50       ?GetFallbackShader@CShader@SDK_LightmappedGeneric_DX9@@UBEPBDPAPAVIMaterialVar@@@Z 10009f50 f i lightmappedgeneric_dx9.obj
 0001:00008f80       ?OnInitShaderParams@CShader@SDK_LightmappedGeneric_DX9@@UAEXPAPAVIMaterialVar@@PBD@Z 10009f80 f i lightmappedgeneric_dx9.obj
 0001:00008fe0       ?GetName@CShader@SDK_LightmappedGeneric_DX9@@UBEPBDXZ 10009fe0 f i lightmappedgeneric_dx9.obj
 0001:00008ff0       ?GetFlags@CShader@SDK_LightmappedGeneric_DX9@@UBEHXZ 10009ff0 f i lightmappedgeneric_dx9.obj
 0001:00009000       ?OnInitShaderInstance@CShader@SDK_LightmappedGeneric_DX9@@UAEXPAPAVIMaterialVar@@PAVIShaderInit@@PBD@Z 1000a000 f i lightmappedgeneric_dx9.obj
 0001:00009050       ?OnDrawElements@CShader@SDK_LightmappedGeneric_DX9@@UAEXPAPAVIMaterialVar@@PAVIShaderShadow@@PAVIShaderDynamicAPI@@W4VertexCompressionType_t@@PAPAVCBasePerMaterialContextData@@@Z 1000a050 f i lightmappedgeneric_dx9.obj
 0001:000090c0       ?GetNumParams@CShader@SDK_LightmappedGeneric_DX9@@UBEHXZ 1000a0c0 f i lightmappedgeneric_dx9.obj
 0001:000090d0       ?GetParamName@CShader@SDK_LightmappedGeneric_DX9@@UBEPBDH@Z 1000a0d0 f i lightmappedgeneric_dx9.obj
 0001:00009100       ?GetParamHelp@CShader@SDK_LightmappedGeneric_DX9@@UBEPBDH@Z 1000a100 f i lightmappedgeneric_dx9.obj
 0001:00009140       ?GetParamType@CShader@SDK_LightmappedGeneric_DX9@@UBE?AW4ShaderParamType_t@@H@Z 1000a140 f i lightmappedgeneric_dx9.obj
 0001:00009170       ?GetParamDefault@CShader@SDK_LightmappedGeneric_DX9@@UBEPBDH@Z 1000a170 f i lightmappedgeneric_dx9.obj
 0001:000091b0       ?GetParamFlags@CShader@SDK_LightmappedGeneric_DX9@@UBEHH@Z 1000a1b0 f i lightmappedgeneric_dx9.obj
 0001:000091f0       ??0sdk_lightmappedgeneric_ps20_Static_Index@@QAE@XZ 1000a1f0 f i lightmappedgeneric_dx9_helper.obj
 0001:00009240       ?GetIndex@sdk_lightmappedgeneric_ps20_Static_Index@@QAEHXZ 1000a240 f i lightmappedgeneric_dx9_helper.obj
 0001:000092d0       ??0sdk_lightmappedgeneric_ps20b_Static_Index@@QAE@XZ 1000a2d0 f i lightmappedgeneric_dx9_helper.obj
 0001:00009320       ?GetIndex@sdk_lightmappedgeneric_ps20b_Static_Index@@QAEHXZ 1000a320 f i lightmappedgeneric_dx9_helper.obj
 0001:000093b0       ?InitLightmappedGeneric_DX9@@YAXPAVCBaseVSShader@@PAPAVIMaterialVar@@AAULightmappedGeneric_DX9_Vars_t@@@Z 1000a3b0 f   lightmappedgeneric_dx9_helper.obj
 0001:00009610       ?InitParamsLightmappedGeneric_DX9@@YAXPAVCBaseVSShader@@PAPAVIMaterialVar@@PBDAAULightmappedGeneric_DX9_Vars_t@@@Z 1000a610 f   lightmappedgeneric_dx9_helper.obj
 0001:00009bb0       ??_GCLightmappedGeneric_DX9_Context@@UAEPAXI@Z 1000abb0 f i lightmappedgeneric_dx9_helper.obj
 0001:00009bb0       ??_ECLightmappedGeneric_DX9_Context@@UAEPAXI@Z 1000abb0 f i lightmappedgeneric_dx9_helper.obj
 0001:00009bf0       ?SetVertexShaderTextureTransform@?$CCommandBufferBuilder@V?$CFixedCommandStorageBuffer@$0DOI@@@@@QAEXHH@Z 1000abf0 f i lightmappedgeneric_dx9_helper.obj
 0001:00009ce0       ?SetVertexShaderTextureScaledTransform@?$CCommandBufferBuilder@V?$CFixedCommandStorageBuffer@$0DOI@@@@@QAEXHHH@Z 1000ace0 f i lightmappedgeneric_dx9_helper.obj
 0001:00009e60       ?DrawLightmappedGeneric_DX9_Internal@@YAXPAVCBaseVSShader@@PAPAVIMaterialVar@@_NPAVIShaderDynamicAPI@@PAVIShaderShadow@@AAULightmappedGeneric_DX9_Vars_t@@PAPAVCBasePerMaterialContextData@@@Z 1000ae60 f   lightmappedgeneric_dx9_helper.obj
 0001:0000be90       ?DrawLightmappedGeneric_DX9@@YAXPAVCBaseVSShader@@PAPAVIMaterialVar@@PAVIShaderDynamicAPI@@PAVIShaderShadow@@AAULightmappedGeneric_DX9_Vars_t@@PAPAVCBasePerMaterialContextData@@@Z 1000ce90 f   lightmappedgeneric_dx9_helper.obj
 0001:0000bf00       ?GetFallbackShader@CShader@SDK_LightmappedReflective@@UBEPBDPAPAVIMaterialVar@@@Z 1000cf00 f i lightmappedreflective.obj
 0001:0000bf10       ?GetName@CShader@SDK_LightmappedReflective@@UBEPBDXZ 1000cf10 f i lightmappedreflective.obj
 0001:0000bf20       ?GetFlags@CShader@SDK_LightmappedReflective@@UBEHXZ 1000cf20 f i lightmappedreflective.obj
 0001:0000bf30       ?GetNumParams@CShader@SDK_LightmappedReflective@@UBEHXZ 1000cf30 f i lightmappedreflective.obj
 0001:0000bf40       ?OnInitShaderParams@CShader@SDK_LightmappedReflective_DX90@@UAEXPAPAVIMaterialVar@@PBD@Z 1000cf40 f i lightmappedreflective.obj
 0001:0000c010       ?GetName@CShader@SDK_LightmappedReflective_DX90@@UBEPBDXZ 1000d010 f i lightmappedreflective.obj
 0001:0000c020       ?GetFlags@CShader@SDK_LightmappedReflective_DX90@@UBEHXZ 1000d020 f i lightmappedreflective.obj
 0001:0000c030       ?OnInitShaderInstance@CShader@SDK_LightmappedReflective_DX90@@UAEXPAPAVIMaterialVar@@PAVIShaderInit@@PBD@Z 1000d030 f i lightmappedreflective.obj
 0001:0000c0f0       ?DrawReflectionRefraction@CShader@SDK_LightmappedReflective_DX90@@QAEXPAPAVIMaterialVar@@PAVIShaderShadow@@PAVIShaderDynamicAPI@@_N3@Z 1000d0f0 f i lightmappedreflective.obj
 0001:0000c640       ?OnDrawElements@CShader@SDK_LightmappedReflective_DX90@@UAEXPAPAVIMaterialVar@@PAVIShaderShadow@@PAVIShaderDynamicAPI@@W4VertexCompressionType_t@@PAPAVCBasePerMaterialContextData@@@Z 1000d640 f i lightmappedreflective.obj
 0001:0000c6b0       ?GetNumParams@CShader@SDK_LightmappedReflective_DX90@@UBEHXZ 1000d6b0 f i lightmappedreflective.obj
 0001:0000c6c0       ?GetParamName@CShader@SDK_LightmappedReflective@@UBEPBDH@Z 1000d6c0 f i lightmappedreflective.obj
 0001:0000c6f0       ?GetParamHelp@CShader@SDK_LightmappedReflective@@UBEPBDH@Z 1000d6f0 f i lightmappedreflective.obj
 0001:0000c730       ?GetParamType@CShader@SDK_LightmappedReflective@@UBE?AW4ShaderParamType_t@@H@Z 1000d730 f i lightmappedreflective.obj
 0001:0000c760       ?GetParamDefault@CShader@SDK_LightmappedReflective@@UBEPBDH@Z 1000d760 f i lightmappedreflective.obj
 0001:0000c7a0       ?GetParamFlags@CShader@SDK_LightmappedReflective@@UBEHH@Z 1000d7a0 f i lightmappedreflective.obj
 0001:0000c7e0       ?GetParamName@CShader@SDK_LightmappedReflective_DX90@@UBEPBDH@Z 1000d7e0 f i lightmappedreflective.obj
 0001:0000c810       ?GetParamHelp@CShader@SDK_LightmappedReflective_DX90@@UBEPBDH@Z 1000d810 f i lightmappedreflective.obj
 0001:0000c850       ?GetParamType@CShader@SDK_LightmappedReflective_DX90@@UBE?AW4ShaderParamType_t@@H@Z 1000d850 f i lightmappedreflective.obj
 0001:0000c880       ?GetParamDefault@CShader@SDK_LightmappedReflective_DX90@@UBEPBDH@Z 1000d880 f i lightmappedreflective.obj
 0001:0000c8c0       ?GetParamFlags@CShader@SDK_LightmappedReflective_DX90@@UBEHH@Z 1000d8c0 f i lightmappedreflective.obj
 0001:0000c900       ?OnInitShaderParams@CShader@SDK_LightmappedTwoTexture@@UAEXPAPAVIMaterialVar@@PBD@Z 1000d900 f i lightmappedtwotexture.obj
 0001:0000c9e0       ?GetName@CShader@SDK_LightmappedTwoTexture@@UBEPBDXZ 1000d9e0 f i lightmappedtwotexture.obj
 0001:0000c9f0       ?GetFlags@CShader@SDK_LightmappedTwoTexture@@UBEHXZ 1000d9f0 f i lightmappedtwotexture.obj
 0001:0000ca00       ?OnInitShaderInstance@CShader@SDK_LightmappedTwoTexture@@UAEXPAPAVIMaterialVar@@PAVIShaderInit@@PBD@Z 1000da00 f i lightmappedtwotexture.obj
 0001:0000cb20       ?GetFallbackShader@CShader@SDK_LightmappedTwoTexture@@UBEPBDPAPAVIMaterialVar@@@Z 1000db20 f i lightmappedtwotexture.obj
 0001:0000cb50       ?OnDrawElements@CShader@SDK_LightmappedTwoTexture@@UAEXPAPAVIMaterialVar@@PAVIShaderShadow@@PAVIShaderDynamicAPI@@W4VertexCompressionType_t@@PAPAVCBasePerMaterialContextData@@@Z 1000db50 f i lightmappedtwotexture.obj
 0001:0000cbd0       ?GetNumParams@CShader@SDK_LightmappedTwoTexture@@UBEHXZ 1000dbd0 f i lightmappedtwotexture.obj
 0001:0000cbe0       ?GetParamName@CShader@SDK_LightmappedTwoTexture@@UBEPBDH@Z 1000dbe0 f i lightmappedtwotexture.obj
 0001:0000cc10       ?GetParamHelp@CShader@SDK_LightmappedTwoTexture@@UBEPBDH@Z 1000dc10 f i lightmappedtwotexture.obj
 0001:0000cc50       ?GetParamType@CShader@SDK_LightmappedTwoTexture@@UBE?AW4ShaderParamType_t@@H@Z 1000dc50 f i lightmappedtwotexture.obj
 0001:0000cc80       ?GetParamDefault@CShader@SDK_LightmappedTwoTexture@@UBEPBDH@Z 1000dc80 f i lightmappedtwotexture.obj
 0001:0000ccc0       ?GetParamFlags@CShader@SDK_LightmappedTwoTexture@@UBEHH@Z 1000dcc0 f i lightmappedtwotexture.obj
 0001:0000cd00       ?GetFallbackShader@CShader@SDK_Refract@@UBEPBDPAPAVIMaterialVar@@@Z 1000dd00 f i refract.obj
 0001:0000cd10       ?GetName@CShader@SDK_Refract@@UBEPBDXZ 1000dd10 f i refract.obj
 0001:0000cd20       ?GetFlags@CShader@SDK_Refract@@UBEHXZ 1000dd20 f i refract.obj
 0001:0000cd30       ?GetNumParams@CShader@SDK_Refract@@UBEHXZ 1000dd30 f i refract.obj
 0001:0000cd40       ?SetupVars@CShader@SDK_Refract_DX90@@QAEXAAURefract_DX9_Vars_t@@@Z 1000dd40 f i refract.obj
 0001:0000ce20       ?OnInitShaderParams@CShader@SDK_Refract_DX90@@UAEXPAPAVIMaterialVar@@PBD@Z 1000de20 f i refract.obj
 0001:0000ce70       ?GetFallbackShader@CShader@SDK_Refract_DX90@@UBEPBDPAPAVIMaterialVar@@@Z 1000de70 f i refract.obj
 0001:0000cea0       ?GetName@CShader@SDK_Refract_DX90@@UBEPBDXZ 1000dea0 f i refract.obj
 0001:0000ceb0       ?GetFlags@CShader@SDK_Refract_DX90@@UBEHXZ 1000deb0 f i refract.obj
 0001:0000cec0       ?OnInitShaderInstance@CShader@SDK_Refract_DX90@@UAEXPAPAVIMaterialVar@@PAVIShaderInit@@PBD@Z 1000dec0 f i refract.obj
 0001:0000cf00       ?OnDrawElements@CShader@SDK_Refract_DX90@@UAEXPAPAVIMaterialVar@@PAVIShaderShadow@@PAVIShaderDynamicAPI@@W4VertexCompressionType_t@@PAPAVCBasePerMaterialContextData@@@Z 1000df00 f i refract.obj
 0001:0000cf80       ?GetNumParams@CShader@SDK_Refract_DX90@@UBEHXZ 1000df80 f i refract.obj
 0001:0000cf90       ?GetParamName@CShader@SDK_Refract@@UBEPBDH@Z 1000df90 f i refract.obj
 0001:0000cfc0       ?GetParamHelp@CShader@SDK_Refract@@UBEPBDH@Z 1000dfc0 f i refract.obj
 0001:0000d000       ?GetParamType@CShader@SDK_Refract@@UBE?AW4ShaderParamType_t@@H@Z 1000e000 f i refract.obj
 0001:0000d030       ?GetParamDefault@CShader@SDK_Refract@@UBEPBDH@Z 1000e030 f i refract.obj
 0001:0000d070       ?GetParamFlags@CShader@SDK_Refract@@UBEHH@Z 1000e070 f i refract.obj
 0001:0000d0b0       ?GetParamName@CShader@SDK_Refract_DX90@@UBEPBDH@Z 1000e0b0 f i refract.obj
 0001:0000d0e0       ?GetParamHelp@CShader@SDK_Refract_DX90@@UBEPBDH@Z 1000e0e0 f i refract.obj
 0001:0000d120       ?GetParamType@CShader@SDK_Refract_DX90@@UBE?AW4ShaderParamType_t@@H@Z 1000e120 f i refract.obj
 0001:0000d150       ?GetParamDefault@CShader@SDK_Refract_DX90@@UBEPBDH@Z 1000e150 f i refract.obj
 0001:0000d190       ?GetParamFlags@CShader@SDK_Refract_DX90@@UBEHH@Z 1000e190 f i refract.obj
 0001:0000d1d0       ?InitParamsRefract_DX9@@YAXPAVCBaseVSShader@@PAPAVIMaterialVar@@PBDAAURefract_DX9_Vars_t@@@Z 1000e1d0 f   refract_dx9_helper.obj
 0001:0000d340       ?InitRefract_DX9@@YAXPAVCBaseVSShader@@PAPAVIMaterialVar@@AAURefract_DX9_Vars_t@@@Z 1000e340 f   refract_dx9_helper.obj
 0001:0000d3e0       ?DrawRefract_DX9@@YAXPAVCBaseVSShader@@PAPAVIMaterialVar@@PAVIShaderDynamicAPI@@PAVIShaderShadow@@AAURefract_DX9_Vars_t@@W4VertexCompressionType_t@@@Z 1000e3e0 f   refract_dx9_helper.obj
 0001:0000dad0       ?GetFallbackShader@CShader@SDK_screenspace_general@@UBEPBDPAPAVIMaterialVar@@@Z 1000ead0 f i screenspace_general.obj
 0001:0000dae0       ?GetName@CShader@SDK_screenspace_general@@UBEPBDXZ 1000eae0 f i screenspace_general.obj
 0001:0000daf0       ?GetFlags@CShader@SDK_screenspace_general@@UBEHXZ 1000eaf0 f i screenspace_general.obj
 0001:0000db00       ?GetNumParams@CShader@SDK_screenspace_general@@UBEHXZ 1000eb00 f i screenspace_general.obj
 0001:0000db10       ?GetName@CShader@SDK_screenspace_general_dx9@@UBEPBDXZ 1000eb10 f i screenspace_general.obj
 0001:0000db20       ?GetFlags@CShader@SDK_screenspace_general_dx9@@UBEHXZ 1000eb20 f i screenspace_general.obj
 0001:0000db30       ?OnInitShaderInstance@CShader@SDK_screenspace_general_dx9@@UAEXPAPAVIMaterialVar@@PAVIShaderInit@@PBD@Z 1000eb30 f i screenspace_general.obj
 0001:0000dbc0       ?GetFallbackShader@CShader@SDK_screenspace_general_dx9@@UBEPBDPAPAVIMaterialVar@@@Z 1000ebc0 f i screenspace_general.obj
 0001:0000dbf0       ?OnDrawElements@CShader@SDK_screenspace_general_dx9@@UAEXPAPAVIMaterialVar@@PAVIShaderShadow@@PAVIShaderDynamicAPI@@W4VertexCompressionType_t@@PAPAVCBasePerMaterialContextData@@@Z 1000ebf0 f i screenspace_general.obj
 0001:0000e1b0       ?GetNumParams@CShader@SDK_screenspace_general_dx9@@UBEHXZ 1000f1b0 f i screenspace_general.obj
 0001:0000e1c0       ?GetParamName@CShader@SDK_screenspace_general@@UBEPBDH@Z 1000f1c0 f i screenspace_general.obj
 0001:0000e1f0       ?GetParamHelp@CShader@SDK_screenspace_general@@UBEPBDH@Z 1000f1f0 f i screenspace_general.obj
 0001:0000e230       ?GetParamType@CShader@SDK_screenspace_general@@UBE?AW4ShaderParamType_t@@H@Z 1000f230 f i screenspace_general.obj
 0001:0000e260       ?GetParamDefault@CShader@SDK_screenspace_general@@UBEPBDH@Z 1000f260 f i screenspace_general.obj
 0001:0000e2a0       ?GetParamFlags@CShader@SDK_screenspace_general@@UBEHH@Z 1000f2a0 f i screenspace_general.obj
 0001:0000e2e0       ?GetParamName@CShader@SDK_screenspace_general_dx9@@UBEPBDH@Z 1000f2e0 f i screenspace_general.obj
 0001:0000e310       ?GetParamHelp@CShader@SDK_screenspace_general_dx9@@UBEPBDH@Z 1000f310 f i screenspace_general.obj
 0001:0000e350       ?GetParamType@CShader@SDK_screenspace_general_dx9@@UBE?AW4ShaderParamType_t@@H@Z 1000f350 f i screenspace_general.obj
 0001:0000e380       ?GetParamDefault@CShader@SDK_screenspace_general_dx9@@UBEPBDH@Z 1000f380 f i screenspace_general.obj
 0001:0000e3c0       ?GetParamFlags@CShader@SDK_screenspace_general_dx9@@UBEHH@Z 1000f3c0 f i screenspace_general.obj
 0001:0000e400       ?InitSkin_DX9@@YAXPAVCBaseVSShader@@PAPAVIMaterialVar@@AAUVertexLitGeneric_DX9_Vars_t@@@Z 1000f400 f   skin_dx9_helper.obj
 0001:0000e6f0       ??0sdk_spritecard_ps20b_Static_Index@@QAE@XZ 1000f6f0 f i spritecard.obj
 0001:0000e730       ?GetIndex@sdk_spritecard_ps20b_Static_Index@@QAEHXZ 1000f730 f i spritecard.obj
 0001:0000e770       ?OnInitShaderParams@CShader@SDK_Spritecard@@UAEXPAPAVIMaterialVar@@PBD@Z 1000f770 f i spritecard.obj
 0001:0000ead0       ?GetFallbackShader@CShader@SDK_Spritecard@@UBEPBDPAPAVIMaterialVar@@@Z 1000fad0 f i spritecard.obj
 0001:0000eb00       ?GetName@CShader@SDK_Spritecard@@UBEPBDXZ 1000fb00 f i spritecard.obj
 0001:0000eb10       ?GetFlags@CShader@SDK_Spritecard@@UBEHXZ 1000fb10 f i spritecard.obj
 0001:0000eb20       ?OnInitShaderInstance@CShader@SDK_Spritecard@@UAEXPAPAVIMaterialVar@@PAVIShaderInit@@PBD@Z 1000fb20 f i spritecard.obj
 0001:0000eb90       ?OnDrawElements@CShader@SDK_Spritecard@@UAEXPAPAVIMaterialVar@@PAVIShaderShadow@@PAVIShaderDynamicAPI@@W4VertexCompressionType_t@@PAPAVCBasePerMaterialContextData@@@Z 1000fb90 f i spritecard.obj
 0001:0000f190       ?GetNumParams@CShader@SDK_Spritecard@@UBEHXZ 10010190 f i spritecard.obj
 0001:0000f1a0       ?GetParamName@CShader@SDK_Spritecard@@UBEPBDH@Z 100101a0 f i spritecard.obj
 0001:0000f1d0       ?GetParamHelp@CShader@SDK_Spritecard@@UBEPBDH@Z 100101d0 f i spritecard.obj
 0001:0000f210       ?GetParamType@CShader@SDK_Spritecard@@UBE?AW4ShaderParamType_t@@H@Z 10010210 f i spritecard.obj
 0001:0000f240       ?GetParamDefault@CShader@SDK_Spritecard@@UBEPBDH@Z 10010240 f i spritecard.obj
 0001:0000f280       ?GetParamFlags@CShader@SDK_Spritecard@@UBEHH@Z 10010280 f i spritecard.obj
 0001:0000f2c0       ?GetFallbackShader@CShader@SDK_Teeth@@UBEPBDPAPAVIMaterialVar@@@Z 100102c0 f i teeth.obj
 0001:0000f2d0       ?GetName@CShader@SDK_Teeth@@UBEPBDXZ 100102d0 f i teeth.obj
 0001:0000f2e0       ?GetFlags@CShader@SDK_Teeth@@UBEHXZ 100102e0 f i teeth.obj
 0001:0000f2f0       ?GetNumParams@CShader@SDK_Teeth@@UBEHXZ 100102f0 f i teeth.obj
 0001:0000f300       ?OnInitShaderParams@CShader@SDK_Teeth_DX9@@UAEXPAPAVIMaterialVar@@PBD@Z 10010300 f i teeth.obj
 0001:0000f370       ?GetFallbackShader@CShader@SDK_Teeth_DX9@@UBEPBDPAPAVIMaterialVar@@@Z 10010370 f i teeth.obj
 0001:0000f3a0       ?GetName@CShader@SDK_Teeth_DX9@@UBEPBDXZ 100103a0 f i teeth.obj
 0001:0000f3b0       ?GetFlags@CShader@SDK_Teeth_DX9@@UBEHXZ 100103b0 f i teeth.obj
 0001:0000f3c0       ?OnInitShaderInstance@CShader@SDK_Teeth_DX9@@UAEXPAPAVIMaterialVar@@PAVIShaderInit@@PBD@Z 100103c0 f i teeth.obj
 0001:0000f400       ?DrawUsingVertexShader@CShader@SDK_Teeth_DX9@@QAEXPAPAVIMaterialVar@@PAVIShaderDynamicAPI@@PAVIShaderShadow@@W4VertexCompressionType_t@@@Z 10010400 f i teeth.obj
 0001:0000fbe0       ?DrawFlashlight@CShader@SDK_Teeth_DX9@@QAEXPAPAVIMaterialVar@@PAVIShaderDynamicAPI@@PAVIShaderShadow@@W4VertexCompressionType_t@@@Z 10010be0 f i teeth.obj
 0001:000102f0       ?OnDrawElements@CShader@SDK_Teeth_DX9@@UAEXPAPAVIMaterialVar@@PAVIShaderShadow@@PAVIShaderDynamicAPI@@W4VertexCompressionType_t@@PAPAVCBasePerMaterialContextData@@@Z 100112f0 f i teeth.obj
 0001:00010370       ?GetNumParams@CShader@SDK_Teeth_DX9@@UBEHXZ 10011370 f i teeth.obj
 0001:00010380       ?GetParamName@CShader@SDK_Teeth@@UBEPBDH@Z 10011380 f i teeth.obj
 0001:000103b0       ?GetParamHelp@CShader@SDK_Teeth@@UBEPBDH@Z 100113b0 f i teeth.obj
 0001:000103f0       ?GetParamType@CShader@SDK_Teeth@@UBE?AW4ShaderParamType_t@@H@Z 100113f0 f i teeth.obj
 0001:00010420       ?GetParamDefault@CShader@SDK_Teeth@@UBEPBDH@Z 10011420 f i teeth.obj
 0001:00010460       ?GetParamFlags@CShader@SDK_Teeth@@UBEHH@Z 10011460 f i teeth.obj
 0001:000104a0       ?GetParamName@CShader@SDK_Teeth_DX9@@UBEPBDH@Z 100114a0 f i teeth.obj
 0001:000104d0       ?GetParamHelp@CShader@SDK_Teeth_DX9@@UBEPBDH@Z 100114d0 f i teeth.obj
 0001:00010510       ?GetParamType@CShader@SDK_Teeth_DX9@@UBE?AW4ShaderParamType_t@@H@Z 10011510 f i teeth.obj
 0001:00010540       ?GetParamDefault@CShader@SDK_Teeth_DX9@@UBEPBDH@Z 10011540 f i teeth.obj
 0001:00010580       ?GetParamFlags@CShader@SDK_Teeth_DX9@@UBEHH@Z 10011580 f i teeth.obj
 0001:000105c0       ?SetupVars@CShader@SDK_UnlitGeneric@@QAEXAAUVertexLitGeneric_DX9_Vars_t@@@Z 100115c0 f i unlitgeneric_dx9.obj
 0001:00010850       ?OnInitShaderParams@CShader@SDK_UnlitGeneric@@UAEXPAPAVIMaterialVar@@PBD@Z 10011850 f i unlitgeneric_dx9.obj
 0001:000108b0       ?GetFallbackShader@CShader@SDK_UnlitGeneric@@UBEPBDPAPAVIMaterialVar@@@Z 100118b0 f i unlitgeneric_dx9.obj
 0001:000108e0       ?GetName@CShader@SDK_UnlitGeneric@@UBEPBDXZ 100118e0 f i unlitgeneric_dx9.obj
 0001:000108f0       ?GetFlags@CShader@SDK_UnlitGeneric@@UBEHXZ 100118f0 f i unlitgeneric_dx9.obj
 0001:00010900       ?OnInitShaderInstance@CShader@SDK_UnlitGeneric@@UAEXPAPAVIMaterialVar@@PAVIShaderInit@@PBD@Z 10011900 f i unlitgeneric_dx9.obj
 0001:00010950       ?OnDrawElements@CShader@SDK_UnlitGeneric@@UAEXPAPAVIMaterialVar@@PAVIShaderShadow@@PAVIShaderDynamicAPI@@W4VertexCompressionType_t@@PAPAVCBasePerMaterialContextData@@@Z 10011950 f i unlitgeneric_dx9.obj
 0001:00010a00       ?GetNumParams@CShader@SDK_UnlitGeneric@@UBEHXZ 10011a00 f i unlitgeneric_dx9.obj
 0001:00010a10       ?GetParamName@CShader@SDK_UnlitGeneric@@UBEPBDH@Z 10011a10 f i unlitgeneric_dx9.obj
 0001:00010a40       ?GetParamHelp@CShader@SDK_UnlitGeneric@@UBEPBDH@Z 10011a40 f i unlitgeneric_dx9.obj
 0001:00010a80       ?GetParamType@CShader@SDK_UnlitGeneric@@UBE?AW4ShaderParamType_t@@H@Z 10011a80 f i unlitgeneric_dx9.obj
 0001:00010ab0       ?GetParamDefault@CShader@SDK_UnlitGeneric@@UBEPBDH@Z 10011ab0 f i unlitgeneric_dx9.obj
 0001:00010af0       ?GetParamFlags@CShader@SDK_UnlitGeneric@@UBEHH@Z 10011af0 f i unlitgeneric_dx9.obj
 0001:00010b30       ?GetFallbackShader@CShader@SDK_UnlitTwoTexture@@UBEPBDPAPAVIMaterialVar@@@Z 10011b30 f i unlittwotexture_dx9.obj
 0001:00010b40       ?GetName@CShader@SDK_UnlitTwoTexture@@UBEPBDXZ 10011b40 f i unlittwotexture_dx9.obj
 0001:00010b50       ?GetFlags@CShader@SDK_UnlitTwoTexture@@UBEHXZ 10011b50 f i unlittwotexture_dx9.obj
 0001:00010b60       ?GetNumParams@CShader@SDK_UnlitTwoTexture@@UBEHXZ 10011b60 f i unlittwotexture_dx9.obj
 0001:00010b70       ?GetFallbackShader@CShader@SDK_UnlitTwoTexture_DX9@@UBEPBDPAPAVIMaterialVar@@@Z 10011b70 f i unlittwotexture_dx9.obj
 0001:00010ba0       ?NeedsPowerOfTwoFrameBufferTexture@CShader@SDK_UnlitTwoTexture_DX9@@UBE_NPAPAVIMaterialVar@@_N@Z 10011ba0 f i unlittwotexture_dx9.obj
 0001:00010bf0       ?IsTranslucent@CShader@SDK_UnlitTwoTexture_DX9@@UBE_NPAPAVIMaterialVar@@@Z 10011bf0 f i unlittwotexture_dx9.obj
 0001:00010c40       ?OnInitShaderParams@CShader@SDK_UnlitTwoTexture_DX9@@UAEXPAPAVIMaterialVar@@PBD@Z 10011c40 f i unlittwotexture_dx9.obj
 0001:00010cf0       ?GetName@CShader@SDK_UnlitTwoTexture_DX9@@UBEPBDXZ 10011cf0 f i unlittwotexture_dx9.obj
 0001:00010d00       ?GetFlags@CShader@SDK_UnlitTwoTexture_DX9@@UBEHXZ 10011d00 f i unlittwotexture_dx9.obj
 0001:00010d10       ?OnInitShaderInstance@CShader@SDK_UnlitTwoTexture_DX9@@UAEXPAPAVIMaterialVar@@PAVIShaderInit@@PBD@Z 10011d10 f i unlittwotexture_dx9.obj
 0001:00010dc0       ?OnDrawElements@CShader@SDK_UnlitTwoTexture_DX9@@UAEXPAPAVIMaterialVar@@PAVIShaderShadow@@PAVIShaderDynamicAPI@@W4VertexCompressionType_t@@PAPAVCBasePerMaterialContextData@@@Z 10011dc0 f i unlittwotexture_dx9.obj
 0001:00011200       ?GetNumParams@CShader@SDK_UnlitTwoTexture_DX9@@UBEHXZ 10012200 f i unlittwotexture_dx9.obj
 0001:00011210       ?GetParamName@CShader@SDK_UnlitTwoTexture@@UBEPBDH@Z 10012210 f i unlittwotexture_dx9.obj
 0001:00011240       ?GetParamHelp@CShader@SDK_UnlitTwoTexture@@UBEPBDH@Z 10012240 f i unlittwotexture_dx9.obj
 0001:00011280       ?GetParamType@CShader@SDK_UnlitTwoTexture@@UBE?AW4ShaderParamType_t@@H@Z 10012280 f i unlittwotexture_dx9.obj
 0001:000112b0       ?GetParamDefault@CShader@SDK_UnlitTwoTexture@@UBEPBDH@Z 100122b0 f i unlittwotexture_dx9.obj
 0001:000112f0       ?GetParamFlags@CShader@SDK_UnlitTwoTexture@@UBEHH@Z 100122f0 f i unlittwotexture_dx9.obj
 0001:00011330       ?GetParamName@CShader@SDK_UnlitTwoTexture_DX9@@UBEPBDH@Z 10012330 f i unlittwotexture_dx9.obj
 0001:00011360       ?GetParamHelp@CShader@SDK_UnlitTwoTexture_DX9@@UBEPBDH@Z 10012360 f i unlittwotexture_dx9.obj
 0001:000113a0       ?GetParamType@CShader@SDK_UnlitTwoTexture_DX9@@UBE?AW4ShaderParamType_t@@H@Z 100123a0 f i unlittwotexture_dx9.obj
 0001:000113d0       ?GetParamDefault@CShader@SDK_UnlitTwoTexture_DX9@@UBEPBDH@Z 100123d0 f i unlittwotexture_dx9.obj
 0001:00011410       ?GetParamFlags@CShader@SDK_UnlitTwoTexture_DX9@@UBEHH@Z 10012410 f i unlittwotexture_dx9.obj
 0001:00011450       ?SetupVars@CShader@SDK_VertexLitGeneric@@QAEXAAUVertexLitGeneric_DX9_Vars_t@@@Z 10012450 f i vertexlitgeneric_dx9.obj
 0001:000116d0       ?NeedsPowerOfTwoFrameBufferTexture@CShader@SDK_VertexLitGeneric@@UBE_NPAPAVIMaterialVar@@_N@Z 100126d0 f i vertexlitgeneric_dx9.obj
 0001:00011720       ?IsTranslucent@CShader@SDK_VertexLitGeneric@@UBE_NPAPAVIMaterialVar@@@Z 10012720 f i vertexlitgeneric_dx9.obj
 0001:00011770       ?SetupVarsFleshInteriorBlendedPass@CShader@SDK_VertexLitGeneric@@QAEXAAUFleshInteriorBlendedPassVars_t@@@Z 10012770 f i vertexlitgeneric_dx9.obj
 0001:00011830       ?OnInitShaderParams@CShader@SDK_VertexLitGeneric@@UAEXPAPAVIMaterialVar@@PBD@Z 10012830 f i vertexlitgeneric_dx9.obj
 0001:00011a40       ?GetFallbackShader@CShader@SDK_VertexLitGeneric@@UBEPBDPAPAVIMaterialVar@@@Z 10012a40 f i vertexlitgeneric_dx9.obj
 0001:00011aa0       ?GetName@CShader@SDK_VertexLitGeneric@@UBEPBDXZ 10012aa0 f i vertexlitgeneric_dx9.obj
 0001:00011ab0       ?GetFlags@CShader@SDK_VertexLitGeneric@@UBEHXZ 10012ab0 f i vertexlitgeneric_dx9.obj
 0001:00011ac0       ?OnInitShaderInstance@CShader@SDK_VertexLitGeneric@@UAEXPAPAVIMaterialVar@@PAVIShaderInit@@PBD@Z 10012ac0 f i vertexlitgeneric_dx9.obj
 0001:00011c40       ?OnDrawElements@CShader@SDK_VertexLitGeneric@@UAEXPAPAVIMaterialVar@@PAVIShaderShadow@@PAVIShaderDynamicAPI@@W4VertexCompressionType_t@@PAPAVCBasePerMaterialContextData@@@Z 10012c40 f i vertexlitgeneric_dx9.obj
 0001:00011ee0       ?GetNumParams@CShader@SDK_VertexLitGeneric@@UBEHXZ 10012ee0 f i vertexlitgeneric_dx9.obj
 0001:00011ef0       ?Grow@?$CUtlMemory@PAVCShaderParam@void_postworldcomposite@@H@@QAEXH@Z 10012ef0 f i void_postworldcomposite.obj
 0001:00011ef0       ?Grow@?$CUtlMemory@PAVCShaderParam@SDK_Eyes_dx8@@H@@QAEXH@Z 10012ef0 f i eyes.obj
 0001:00011ef0       ?Grow@?$CUtlMemory@PAVCShaderParam@SDK_Water_DX90@@H@@QAEXH@Z 10012ef0 f i water.obj
 0001:00011ef0       ?Grow@?$CUtlMemory@PAVCShaderParam@SDK_Aftershock_dx9@@H@@QAEXH@Z 10012ef0 f i aftershock.obj
 0001:00011ef0       ?Grow@?$CUtlMemory@PAVCShaderParam@SDK_VortWarp_DX9@@H@@QAEXH@Z 10012ef0 f i vortwarp_dx9.obj
 0001:00011ef0       ?Grow@?$CUtlMemory@PAVCShaderParam@SDK_WorldVertexTransition_DX9@@H@@QAEXH@Z 10012ef0 f i worldvertextransition.obj
 0001:00011ef0       ?Grow@?$CUtlMemory@PAVCShaderParam@SDK_Cable_DX9@@H@@QAEXH@Z 10012ef0 f i cable_dx9.obj
 0001:00011ef0       ?Grow@?$CUtlMemory@PAVCShaderParam@SDK_EyeRefract_dx9@@H@@QAEXH@Z 10012ef0 f i eye_refract.obj
 0001:00011ef0       ?Grow@?$CUtlMemory@PAVCShaderParam@SDK_Teeth_DX9@@H@@QAEXH@Z 10012ef0 f i teeth.obj
 0001:00011ef0       ?Grow@?$CUtlMemory@PAVCShaderParam@SDK_Refract_DX90@@H@@QAEXH@Z 10012ef0 f i refract.obj
 0001:00011ef0       ?Grow@?$CUtlMemory@PAVCShaderParam@SDK_VertexLitGeneric@@H@@QAEXH@Z 10012ef0 f i vertexlitgeneric_dx9.obj
 0001:00011ef0       ?Grow@?$CUtlMemory@PAVIShader@@H@@QAEXH@Z 10012ef0 f i shaderlib:ShaderDLL.obj
 0001:00011ef0       ?Grow@?$CUtlMemory@PAVCShaderParam@SDK_UnlitGeneric@@H@@QAEXH@Z 10012ef0 f i unlitgeneric_dx9.obj
 0001:00011ef0       ?Grow@?$CUtlMemory@PAVCShaderParam@SDK_LightmappedTwoTexture@@H@@QAEXH@Z 10012ef0 f i lightmappedtwotexture.obj
 0001:00011ef0       ?Grow@?$CUtlMemory@PAVCShaderParam@void_postgodray@@H@@QAEXH@Z 10012ef0 f i void_postgodray.obj
 0001:00011ef0       ?Grow@?$CUtlMemory@PAVCShaderParam@SDK_Bloom@@H@@QAEXH@Z 10012ef0 f i Bloom.obj
 0001:00011ef0       ?Grow@?$CUtlMemory@PAVCShaderParam@Void_CelShadeLightmapped@@H@@QAEXH@Z 10012ef0 f i void_celshadelightmapped.obj
 0001:00011ef0       ?Grow@?$CUtlMemory@PAVCShaderParam@SDK_Eyes_dx9@@H@@QAEXH@Z 10012ef0 f i eyes_dx9.obj
 0001:00011ef0       ?Grow@?$CUtlMemory@PAVCShaderParam@SDK_Spritecard@@H@@QAEXH@Z 10012ef0 f i spritecard.obj
 0001:00011ef0       ?Grow@?$CUtlMemory@PAVCShaderParam@SDK_LightmappedReflective_DX90@@H@@QAEXH@Z 10012ef0 f i lightmappedreflective.obj
 0001:00011ef0       ?Grow@?$CUtlMemory@PAVCShaderParam@SDK_screenspace_general_dx9@@H@@QAEXH@Z 10012ef0 f i screenspace_general.obj
 0001:00011ef0       ?Grow@?$CUtlMemory@PAVCShaderParam@Void_PostComposite@@H@@QAEXH@Z 10012ef0 f i void_postcomposite.obj
 0001:00011ef0       ?Grow@?$CUtlMemory@PAVCShaderParam@SDK_Core_DX90@@H@@QAEXH@Z 10012ef0 f i core_dx9.obj
 0001:00011ef0       ?Grow@?$CUtlMemory@PAVCShaderParam@SDK_LightmappedGeneric_DX9@@H@@QAEXH@Z 10012ef0 f i lightmappedgeneric_dx9.obj
 0001:00011ef0       ?Grow@?$CUtlMemory@PAVCShaderParam@SDK_WorldTwoTextureBlend@@H@@QAEXH@Z 10012ef0 f i worldtwotextureblend.obj
 0001:00011ef0       ?Grow@?$CUtlMemory@PAVCShaderParam@SDK_UnlitTwoTexture_DX9@@H@@QAEXH@Z 10012ef0 f i unlittwotexture_dx9.obj
 0001:00011ef0       ?Grow@?$CUtlMemory@PAVCShaderParam@void_postblur@@H@@QAEXH@Z 10012ef0 f i void_postblur.obj
 0001:00011fa0       ?GetParamName@CShader@SDK_VertexLitGeneric@@UBEPBDH@Z 10012fa0 f i vertexlitgeneric_dx9.obj
 0001:00011fd0       ?GetParamHelp@CShader@SDK_VertexLitGeneric@@UBEPBDH@Z 10012fd0 f i vertexlitgeneric_dx9.obj
 0001:00012010       ?GetParamType@CShader@SDK_VertexLitGeneric@@UBE?AW4ShaderParamType_t@@H@Z 10013010 f i vertexlitgeneric_dx9.obj
 0001:00012040       ?GetParamDefault@CShader@SDK_VertexLitGeneric@@UBEPBDH@Z 10013040 f i vertexlitgeneric_dx9.obj
 0001:00012080       ?GetParamFlags@CShader@SDK_VertexLitGeneric@@UBEHH@Z 10013080 f i vertexlitgeneric_dx9.obj
 0001:000120c0       ?InsertBefore@?$CUtlVector@PAVCShaderParam@SDK_Spritecard@@V?$CUtlMemory@PAVCShaderParam@SDK_Spritecard@@H@@@@QAEHHABQAVCShaderParam@SDK_Spritecard@@@Z 100130c0 f i spritecard.obj
 0001:000120c0       ?InsertBefore@?$CUtlVector@PAVCShaderParam@Void_PostComposite@@V?$CUtlMemory@PAVCShaderParam@Void_PostComposite@@H@@@@QAEHHABQAVCShaderParam@Void_PostComposite@@@Z 100130c0 f i void_postcomposite.obj
 0001:000120c0       ?InsertBefore@?$CUtlVector@PAVCShaderParam@SDK_LightmappedReflective_DX90@@V?$CUtlMemory@PAVCShaderParam@SDK_LightmappedReflective_DX90@@H@@@@QAEHHABQAVCShaderParam@SDK_LightmappedReflective_DX90@@@Z 100130c0 f i lightmappedreflective.obj
 0001:000120c0       ?InsertBefore@?$CUtlVector@PAVCShaderParam@SDK_screenspace_general_dx9@@V?$CUtlMemory@PAVCShaderParam@SDK_screenspace_general_dx9@@H@@@@QAEHHABQAVCShaderParam@SDK_screenspace_general_dx9@@@Z 100130c0 f i screenspace_general.obj
 0001:000120c0       ?InsertBefore@?$CUtlVector@PAVCShaderParam@SDK_WorldTwoTextureBlend@@V?$CUtlMemory@PAVCShaderParam@SDK_WorldTwoTextureBlend@@H@@@@QAEHHABQAVCShaderParam@SDK_WorldTwoTextureBlend@@@Z 100130c0 f i worldtwotextureblend.obj
 0001:000120c0       ?InsertBefore@?$CUtlVector@PAVCShaderParam@SDK_Eyes_dx9@@V?$CUtlMemory@PAVCShaderParam@SDK_Eyes_dx9@@H@@@@QAEHHABQAVCShaderParam@SDK_Eyes_dx9@@@Z 100130c0 f i eyes_dx9.obj
 0001:000120c0       ?InsertBefore@?$CUtlVector@PAVCShaderParam@SDK_Aftershock_dx9@@V?$CUtlMemory@PAVCShaderParam@SDK_Aftershock_dx9@@H@@@@QAEHHABQAVCShaderParam@SDK_Aftershock_dx9@@@Z 100130c0 f i aftershock.obj
 0001:000120c0       ?InsertBefore@?$CUtlVector@PAVCShaderParam@SDK_VortWarp_DX9@@V?$CUtlMemory@PAVCShaderParam@SDK_VortWarp_DX9@@H@@@@QAEHHABQAVCShaderParam@SDK_VortWarp_DX9@@@Z 100130c0 f i vortwarp_dx9.obj
 0001:000120c0       ?InsertBefore@?$CUtlVector@PAVCShaderParam@SDK_Eyes_dx8@@V?$CUtlMemory@PAVCShaderParam@SDK_Eyes_dx8@@H@@@@QAEHHABQAVCShaderParam@SDK_Eyes_dx8@@@Z 100130c0 f i eyes.obj
 0001:000120c0       ?InsertBefore@?$CUtlVector@PAVCShaderParam@SDK_WorldVertexTransition_DX9@@V?$CUtlMemory@PAVCShaderParam@SDK_WorldVertexTransition_DX9@@H@@@@QAEHHABQAVCShaderParam@SDK_WorldVertexTransition_DX9@@@Z 100130c0 f i worldvertextransition.obj
 0001:000120c0       ?InsertBefore@?$CUtlVector@PAVCShaderParam@SDK_Refract_DX90@@V?$CUtlMemory@PAVCShaderParam@SDK_Refract_DX90@@H@@@@QAEHHABQAVCShaderParam@SDK_Refract_DX90@@@Z 100130c0 f i refract.obj
 0001:000120c0       ?InsertBefore@?$CUtlVector@PAVCShaderParam@void_postblur@@V?$CUtlMemory@PAVCShaderParam@void_postblur@@H@@@@QAEHHABQAVCShaderParam@void_postblur@@@Z 100130c0 f i void_postblur.obj
 0001:000120c0       ?InsertBefore@?$CUtlVector@PAVCShaderParam@void_postgodray@@V?$CUtlMemory@PAVCShaderParam@void_postgodray@@H@@@@QAEHHABQAVCShaderParam@void_postgodray@@@Z 100130c0 f i void_postgodray.obj
 0001:000120c0       ?InsertBefore@?$CUtlVector@PAVCShaderParam@SDK_UnlitGeneric@@V?$CUtlMemory@PAVCShaderParam@SDK_UnlitGeneric@@H@@@@QAEHHABQAVCShaderParam@SDK_UnlitGeneric@@@Z 100130c0 f i unlitgeneric_dx9.obj
 0001:000120c0       ?InsertBefore@?$CUtlVector@PAVCShaderParam@SDK_Cable_DX9@@V?$CUtlMemory@PAVCShaderParam@SDK_Cable_DX9@@H@@@@QAEHHABQAVCShaderParam@SDK_Cable_DX9@@@Z 100130c0 f i cable_dx9.obj
 0001:000120c0       ?InsertBefore@?$CUtlVector@PAVCShaderParam@SDK_LightmappedTwoTexture@@V?$CUtlMemory@PAVCShaderParam@SDK_LightmappedTwoTexture@@H@@@@QAEHHABQAVCShaderParam@SDK_LightmappedTwoTexture@@@Z 100130c0 f i lightmappedtwotexture.obj
 0001:000120c0       ?InsertBefore@?$CUtlVector@PAVCShaderParam@SDK_Bloom@@V?$CUtlMemory@PAVCShaderParam@SDK_Bloom@@H@@@@QAEHHABQAVCShaderParam@SDK_Bloom@@@Z 100130c0 f i Bloom.obj
 0001:000120c0       ?InsertBefore@?$CUtlVector@PAVCShaderParam@Void_CelShadeLightmapped@@V?$CUtlMemory@PAVCShaderParam@Void_CelShadeLightmapped@@H@@@@QAEHHABQAVCShaderParam@Void_CelShadeLightmapped@@@Z 100130c0 f i void_celshadelightmapped.obj
 0001:000120c0       ?InsertBefore@?$CUtlVector@PAVIShader@@V?$CUtlMemory@PAVIShader@@H@@@@QAEHHABQAVIShader@@@Z 100130c0 f i shaderlib:ShaderDLL.obj
 0001:000120c0       ?InsertBefore@?$CUtlVector@PAVCShaderParam@SDK_EyeRefract_dx9@@V?$CUtlMemory@PAVCShaderParam@SDK_EyeRefract_dx9@@H@@@@QAEHHABQAVCShaderParam@SDK_EyeRefract_dx9@@@Z 100130c0 f i eye_refract.obj
 0001:000120c0       ?InsertBefore@?$CUtlVector@PAVCShaderParam@SDK_VertexLitGeneric@@V?$CUtlMemory@PAVCShaderParam@SDK_VertexLitGeneric@@H@@@@QAEHHABQAVCShaderParam@SDK_VertexLitGeneric@@@Z 100130c0 f i vertexlitgeneric_dx9.obj
 0001:000120c0       ?InsertBefore@?$CUtlVector@PAVCShaderParam@SDK_LightmappedGeneric_DX9@@V?$CUtlMemory@PAVCShaderParam@SDK_LightmappedGeneric_DX9@@H@@@@QAEHHABQAVCShaderParam@SDK_LightmappedGeneric_DX9@@@Z 100130c0 f i lightmappedgeneric_dx9.obj
 0001:000120c0       ?InsertBefore@?$CUtlVector@PAVCShaderParam@SDK_Teeth_DX9@@V?$CUtlMemory@PAVCShaderParam@SDK_Teeth_DX9@@H@@@@QAEHHABQAVCShaderParam@SDK_Teeth_DX9@@@Z 100130c0 f i teeth.obj
 0001:000120c0       ?InsertBefore@?$CUtlVector@PAVCShaderParam@SDK_Core_DX90@@V?$CUtlMemory@PAVCShaderParam@SDK_Core_DX90@@H@@@@QAEHHABQAVCShaderParam@SDK_Core_DX90@@@Z 100130c0 f i core_dx9.obj
 0001:000120c0       ?InsertBefore@?$CUtlVector@PAVCShaderParam@void_postworldcomposite@@V?$CUtlMemory@PAVCShaderParam@void_postworldcomposite@@H@@@@QAEHHABQAVCShaderParam@void_postworldcomposite@@@Z 100130c0 f i void_postworldcomposite.obj
 0001:000120c0       ?InsertBefore@?$CUtlVector@PAVCShaderParam@SDK_Water_DX90@@V?$CUtlMemory@PAVCShaderParam@SDK_Water_DX90@@H@@@@QAEHHABQAVCShaderParam@SDK_Water_DX90@@@Z 100130c0 f i water.obj
 0001:000120c0       ?InsertBefore@?$CUtlVector@PAVCShaderParam@SDK_UnlitTwoTexture_DX9@@V?$CUtlMemory@PAVCShaderParam@SDK_UnlitTwoTexture_DX9@@H@@@@QAEHHABQAVCShaderParam@SDK_UnlitTwoTexture_DX9@@@Z 100130c0 f i unlittwotexture_dx9.obj
 0001:00012120       ?GetIndex@sdk_vertexlit_and_unlit_generic_vs20_Static_Index@@QAEHXZ 10013120 f i vertexlitgeneric_dx9_helper.obj
 0001:00012150       ?GetIndex@sdk_vertexlit_and_unlit_generic_vs20_Dynamic_Index@@QAEHXZ 10013150 f i vertexlitgeneric_dx9_helper.obj
 0001:00012180       ??0sdk_vertexlit_and_unlit_generic_ps20_Static_Index@@QAE@XZ 10013180 f i vertexlitgeneric_dx9_helper.obj
 0001:000121c0       ?GetIndex@sdk_vertexlit_and_unlit_generic_ps20_Static_Index@@QAEHXZ 100131c0 f i vertexlitgeneric_dx9_helper.obj
 0001:00012230       ??0sdk_vertexlit_and_unlit_generic_ps30_Static_Index@@QAE@XZ 10013230 f i vertexlitgeneric_dx9_helper.obj
 0001:00012230       ??0sdk_vertexlit_and_unlit_generic_ps20b_Static_Index@@QAE@XZ 10013230 f i vertexlitgeneric_dx9_helper.obj
 0001:00012270       ?GetIndex@sdk_vertexlit_and_unlit_generic_ps30_Static_Index@@QAEHXZ 10013270 f i vertexlitgeneric_dx9_helper.obj
 0001:00012270       ?GetIndex@sdk_vertexlit_and_unlit_generic_ps20b_Static_Index@@QAEHXZ 10013270 f i vertexlitgeneric_dx9_helper.obj
 0001:000122f0       ?GetIndex@sdk_vertexlit_and_unlit_generic_bump_ps20_Static_Index@@QAEHXZ 100132f0 f i vertexlitgeneric_dx9_helper.obj
 0001:00012340       ?GetIndex@sdk_vertexlit_and_unlit_generic_bump_ps20b_Static_Index@@QAEHXZ 10013340 f i vertexlitgeneric_dx9_helper.obj
 0001:00012340       ?GetIndex@sdk_vertexlit_and_unlit_generic_bump_ps30_Static_Index@@QAEHXZ 10013340 f i vertexlitgeneric_dx9_helper.obj
 0001:00012390       ?GetIndex@sdk_vertexlit_and_unlit_generic_vs30_Static_Index@@QAEHXZ 10013390 f i vertexlitgeneric_dx9_helper.obj
 0001:000123c0       ??0sdk_vertexlit_and_unlit_generic_vs30_Dynamic_Index@@QAE@XZ 100133c0 f i vertexlitgeneric_dx9_helper.obj
 0001:000123e0       ?GetIndex@sdk_vertexlit_and_unlit_generic_vs30_Dynamic_Index@@QAEHXZ 100133e0 f i vertexlitgeneric_dx9_helper.obj
 0001:00012410       ?InitParamsVertexLitGeneric_DX9@@YAXPAVCBaseVSShader@@PAPAVIMaterialVar@@PBD_NAAUVertexLitGeneric_DX9_Vars_t@@@Z 10013410 f   vertexlitgeneric_dx9_helper.obj
 0001:00012ac0       ?InitVertexLitGeneric_DX9@@YAXPAVCBaseVSShader@@PAPAVIMaterialVar@@_NAAUVertexLitGeneric_DX9_Vars_t@@@Z 10013ac0 f   vertexlitgeneric_dx9_helper.obj
 0001:00012d70       ??_GCVertexLitGeneric_DX9_Context@@UAEPAXI@Z 10013d70 f i vertexlitgeneric_dx9_helper.obj
 0001:00012d70       ??_ECVertexLitGeneric_DX9_Context@@UAEPAXI@Z 10013d70 f i vertexlitgeneric_dx9_helper.obj
 0001:00012d70       ??_GCBasePerMaterialContextData@@UAEPAXI@Z 10013d70 f i lightmappedgeneric_dx9_helper.obj
 0001:00012d70       ??_ECBasePerMaterialContextData@@UAEPAXI@Z 10013d70 f i lightmappedgeneric_dx9_helper.obj
 0001:00012d90       ?SetVertexShaderTextureTransform@?$CCommandBufferBuilder@V?$CFixedCommandStorageBuffer@$0DCA@@@@@QAEXHH@Z 10013d90 f i vertexlitgeneric_dx9_helper.obj
 0001:00012e80       ?SetVertexShaderTextureScaledTransform@?$CCommandBufferBuilder@V?$CFixedCommandStorageBuffer@$0DCA@@@@@QAEXHHH@Z 10013e80 f i vertexlitgeneric_dx9_helper.obj
 0001:00013000       ?SetPixelShaderConstantGammaToLinear@?$CCommandBufferBuilder@V?$CFixedCommandStorageBuffer@$0DCA@@@@@QAEXHH@Z 10014000 f i vertexlitgeneric_dx9_helper.obj
 0001:00015e80       ?DrawVertexLitGeneric_DX9@@YAXPAVCBaseVSShader@@PAPAVIMaterialVar@@PAVIShaderDynamicAPI@@PAVIShaderShadow@@_NAAUVertexLitGeneric_DX9_Vars_t@@W4VertexCompressionType_t@@PAPAVCBasePerMaterialContextData@@@Z 10016e80 f   vertexlitgeneric_dx9_helper.obj
 0001:00015ee0       ??0sdk_vortwarp_ps20b_Static_Index@@QAE@XZ 10016ee0 f i vortwarp_dx9.obj
 0001:00015f10       ?GetFallbackShader@CShader@SDK_VortWarp@@UBEPBDPAPAVIMaterialVar@@@Z 10016f10 f i vortwarp_dx9.obj
 0001:00015f20       ?GetName@CShader@SDK_VortWarp@@UBEPBDXZ 10016f20 f i vortwarp_dx9.obj
 0001:00015f30       ?GetFlags@CShader@SDK_VortWarp@@UBEHXZ 10016f30 f i vortwarp_dx9.obj
 0001:00015f40       ?DrawVortWarp_DX9@@YAXPAVCBaseVSShader@@PAPAVIMaterialVar@@PAVIShaderDynamicAPI@@PAVIShaderShadow@@_N4AAUVortWarp_DX9_Vars_t@@W4VertexCompressionType_t@@@Z 10016f40 f   vortwarp_dx9.obj
 0001:00016bc0       ?GetNumParams@CShader@SDK_VortWarp@@UBEHXZ 10017bc0 f i vortwarp_dx9.obj
 0001:00016bd0       ?SetupVars@CShader@SDK_VortWarp_DX9@@QAEXAAUVortWarp_DX9_Vars_t@@@Z 10017bd0 f i vortwarp_dx9.obj
 0001:00016d40       ?OnInitShaderParams@CShader@SDK_VortWarp_DX9@@UAEXPAPAVIMaterialVar@@PBD@Z 10017d40 f i vortwarp_dx9.obj
 0001:00016e20       ?GetFallbackShader@CShader@SDK_VortWarp_DX9@@UBEPBDPAPAVIMaterialVar@@@Z 10017e20 f i vortwarp_dx9.obj
 0001:00016e50       ?GetName@CShader@SDK_VortWarp_DX9@@UBEPBDXZ 10017e50 f i vortwarp_dx9.obj
 0001:00016e60       ?GetFlags@CShader@SDK_VortWarp_DX9@@UBEHXZ 10017e60 f i vortwarp_dx9.obj
 0001:00016e70       ?OnInitShaderInstance@CShader@SDK_VortWarp_DX9@@UAEXPAPAVIMaterialVar@@PAVIShaderInit@@PBD@Z 10017e70 f i vortwarp_dx9.obj
 0001:00016f10       ?OnDrawElements@CShader@SDK_VortWarp_DX9@@UAEXPAPAVIMaterialVar@@PAVIShaderShadow@@PAVIShaderDynamicAPI@@W4VertexCompressionType_t@@PAPAVCBasePerMaterialContextData@@@Z 10017f10 f i vortwarp_dx9.obj
 0001:00016fd0       ?GetNumParams@CShader@SDK_VortWarp_DX9@@UBEHXZ 10017fd0 f i vortwarp_dx9.obj
 0001:00016fe0       ?GetParamName@CShader@SDK_VortWarp@@UBEPBDH@Z 10017fe0 f i vortwarp_dx9.obj
 0001:00017010       ?GetParamHelp@CShader@SDK_VortWarp@@UBEPBDH@Z 10018010 f i vortwarp_dx9.obj
 0001:00017050       ?GetParamType@CShader@SDK_VortWarp@@UBE?AW4ShaderParamType_t@@H@Z 10018050 f i vortwarp_dx9.obj
 0001:00017080       ?GetParamDefault@CShader@SDK_VortWarp@@UBEPBDH@Z 10018080 f i vortwarp_dx9.obj
 0001:000170c0       ?GetParamFlags@CShader@SDK_VortWarp@@UBEHH@Z 100180c0 f i vortwarp_dx9.obj
 0001:00017100       ?GetParamName@CShader@SDK_VortWarp_DX9@@UBEPBDH@Z 10018100 f i vortwarp_dx9.obj
 0001:00017130       ?GetParamHelp@CShader@SDK_VortWarp_DX9@@UBEPBDH@Z 10018130 f i vortwarp_dx9.obj
 0001:00017170       ?GetParamType@CShader@SDK_VortWarp_DX9@@UBE?AW4ShaderParamType_t@@H@Z 10018170 f i vortwarp_dx9.obj
 0001:000171a0       ?GetParamDefault@CShader@SDK_VortWarp_DX9@@UBEPBDH@Z 100181a0 f i vortwarp_dx9.obj
 0001:000171e0       ?GetParamFlags@CShader@SDK_VortWarp_DX9@@UBEHH@Z 100181e0 f i vortwarp_dx9.obj
 0001:00017220       ?GetFallbackShader@CShader@SDK_Water@@UBEPBDPAPAVIMaterialVar@@@Z 10018220 f i water.obj
 0001:00017230       ?GetName@CShader@SDK_Water@@UBEPBDXZ 10018230 f i water.obj
 0001:00017240       ?GetFlags@CShader@SDK_Water@@UBEHXZ 10018240 f i water.obj
 0001:00017250       ?GetNumParams@CShader@SDK_Water@@UBEHXZ 10018250 f i water.obj
 0001:00017260       ?OnInitShaderParams@CShader@SDK_Water_DX90@@UAEXPAPAVIMaterialVar@@PBD@Z 10018260 f i water.obj
 0001:00017500       ?GetFallbackShader@CShader@SDK_Water_DX90@@UBEPBDPAPAVIMaterialVar@@@Z 10018500 f i water.obj
 0001:00017530       ?GetName@CShader@SDK_Water_DX90@@UBEPBDXZ 10018530 f i water.obj
 0001:00017540       ?GetFlags@CShader@SDK_Water_DX90@@UBEHXZ 10018540 f i water.obj
 0001:00017550       ?OnInitShaderInstance@CShader@SDK_Water_DX90@@UAEXPAPAVIMaterialVar@@PAVIShaderInit@@PBD@Z 10018550 f i water.obj
 0001:00017600       ?DrawReflectionRefraction@CShader@SDK_Water_DX90@@QAEXPAPAVIMaterialVar@@PAVIShaderShadow@@PAVIShaderDynamicAPI@@_N3@Z 10018600 f i water.obj
 0001:00017d30       ?DrawCheapWater@CShader@SDK_Water_DX90@@QAEXPAPAVIMaterialVar@@PAVIShaderShadow@@PAVIShaderDynamicAPI@@_N3@Z 10018d30 f i water.obj
 0001:000181c0       ?GetNumParams@CShader@SDK_Water_DX90@@UBEHXZ 100191c0 f i water.obj
 0001:000181d0       ?OnDrawElements@CShader@SDK_Water_DX90@@UAEXPAPAVIMaterialVar@@PAVIShaderShadow@@PAVIShaderDynamicAPI@@W4VertexCompressionType_t@@PAPAVCBasePerMaterialContextData@@@Z 100191d0 f i water.obj
 0001:00018300       ?GetName@CShader@SDK_Water_DX9_HDR@SDK_Water_DX90@@UBEPBDXZ 10019300 f i water.obj
 0001:00018310       ?GetFlags@CShader@SDK_Water_DX9_HDR@SDK_Water_DX90@@UBEHXZ 10019310 f i water.obj
 0001:00018320       ?GetFallbackShader@CShader@SDK_Water_DX9_HDR@SDK_Water_DX90@@UBEPBDPAPAVIMaterialVar@@@Z 10019320 f i water.obj
 0001:00018340       ?GetParamName@CShader@SDK_Water@@UBEPBDH@Z 10019340 f i water.obj
 0001:00018370       ?GetParamHelp@CShader@SDK_Water@@UBEPBDH@Z 10019370 f i water.obj
 0001:000183b0       ?GetParamType@CShader@SDK_Water@@UBE?AW4ShaderParamType_t@@H@Z 100193b0 f i water.obj
 0001:000183e0       ?GetParamDefault@CShader@SDK_Water@@UBEPBDH@Z 100193e0 f i water.obj
 0001:00018420       ?GetParamFlags@CShader@SDK_Water@@UBEHH@Z 10019420 f i water.obj
 0001:00018460       ?GetParamName@CShader@SDK_Water_DX90@@UBEPBDH@Z 10019460 f i water.obj
 0001:00018490       ?GetParamHelp@CShader@SDK_Water_DX90@@UBEPBDH@Z 10019490 f i water.obj
 0001:000184d0       ?GetParamType@CShader@SDK_Water_DX90@@UBE?AW4ShaderParamType_t@@H@Z 100194d0 f i water.obj
 0001:00018500       ?GetParamDefault@CShader@SDK_Water_DX90@@UBEPBDH@Z 10019500 f i water.obj
 0001:00018540       ?GetParamFlags@CShader@SDK_Water_DX90@@UBEHH@Z 10019540 f i water.obj
 0001:00018580       ?GetFallbackShader@CShader@SDK_WorldTwoTextureBlend@@UBEPBDPAPAVIMaterialVar@@@Z 10019580 f i worldtwotextureblend.obj
 0001:000185c0       ?OnInitShaderParams@CShader@SDK_WorldTwoTextureBlend@@UAEXPAPAVIMaterialVar@@PBD@Z 100195c0 f i worldtwotextureblend.obj
 0001:00018830       ?GetName@CShader@SDK_WorldTwoTextureBlend@@UBEPBDXZ 10019830 f i worldtwotextureblend.obj
 0001:00018840       ?GetFlags@CShader@SDK_WorldTwoTextureBlend@@UBEHXZ 10019840 f i worldtwotextureblend.obj
 0001:00018850       ?OnInitShaderInstance@CShader@SDK_WorldTwoTextureBlend@@UAEXPAPAVIMaterialVar@@PAVIShaderInit@@PBD@Z 10019850 f i worldtwotextureblend.obj
 0001:00018960       ?DrawPass@CShader@SDK_WorldTwoTextureBlend@@QAEXPAPAVIMaterialVar@@PAVIShaderDynamicAPI@@PAVIShaderShadow@@_NW4VertexCompressionType_t@@@Z 10019960 f i worldtwotextureblend.obj
 0001:00019260       ?OnDrawElements@CShader@SDK_WorldTwoTextureBlend@@UAEXPAPAVIMaterialVar@@PAVIShaderShadow@@PAVIShaderDynamicAPI@@W4VertexCompressionType_t@@PAPAVCBasePerMaterialContextData@@@Z 1001a260 f i worldtwotextureblend.obj
 0001:000192d0       ?GetNumParams@CShader@SDK_WorldTwoTextureBlend@@UBEHXZ 1001a2d0 f i worldtwotextureblend.obj
 0001:000192e0       ?GetParamName@CShader@SDK_WorldTwoTextureBlend@@UBEPBDH@Z 1001a2e0 f i worldtwotextureblend.obj
 0001:00019310       ?GetParamHelp@CShader@SDK_WorldTwoTextureBlend@@UBEPBDH@Z 1001a310 f i worldtwotextureblend.obj
 0001:00019350       ?GetParamType@CShader@SDK_WorldTwoTextureBlend@@UBE?AW4ShaderParamType_t@@H@Z 1001a350 f i worldtwotextureblend.obj
 0001:00019380       ?GetParamDefault@CShader@SDK_WorldTwoTextureBlend@@UBEPBDH@Z 1001a380 f i worldtwotextureblend.obj
 0001:000193c0       ?GetParamFlags@CShader@SDK_WorldTwoTextureBlend@@UBEHH@Z 1001a3c0 f i worldtwotextureblend.obj
 0001:00019400       ??0sdk_worldvertexalpha_ps20b_Static_Index@@QAE@XZ 1001a400 f i worldvertexalpha.obj
 0001:00019420       ?OnInitShaderParams@CShader@SDK_WorldVertexAlpha@@UAEXPAPAVIMaterialVar@@PBD@Z 1001a420 f i worldvertexalpha.obj
 0001:00019450       ?GetName@CShader@SDK_WorldVertexAlpha@@UBEPBDXZ 1001a450 f i worldvertexalpha.obj
[...]
 0001:00035df0       ??__EPHONGWARPTEXTURE@SDK_VortWarp_DX9@@YAXXZ 10036df0 f   vortwarp_dx9.obj
 0001:00035e20       ??__EPHONGFRESNELRANGES@SDK_VortWarp_DX9@@YAXXZ 10036e20 f   vortwarp_dx9.obj
 0001:00035e50       ??__EPHONGBOOST@SDK_VortWarp_DX9@@YAXXZ 10036e50 f   vortwarp_dx9.obj
 0001:00035e80       ??__EPHONGEXPONENTTEXTURE@SDK_VortWarp_DX9@@YAXXZ 10036e80 f   vortwarp_dx9.obj
 0001:00035eb0       ??__EPHONG@SDK_VortWarp_DX9@@YAXXZ 10036eb0 f   vortwarp_dx9.obj
 0001:00035ee0       ??__Es_ShaderInstance@SDK_VortWarp_DX9@@YAXXZ 10036ee0 f   vortwarp_dx9.obj
 0001:00035f00       ??__Er_waterforceexpensive@@YAXXZ 10036f00 f   water.obj
 0001:00035f30       ??__Es_ShaderParams@SDK_Water@@YAXXZ 10036f30 f   water.obj
 0001:00035f40       ??__Es_ShaderInstance@SDK_Water@@YAXXZ 10036f40 f   water.obj
 0001:00035f60       ??__Es_ShaderParams@SDK_Water_DX90@@YAXXZ 10036f60 f   water.obj
 0001:00035f70       ??__EREFRACTTEXTURE@SDK_Water_DX90@@YAXXZ 10036f70 f   water.obj
 0001:00035fa0       ??__EREFLECTTEXTURE@SDK_Water_DX90@@YAXXZ 10036fa0 f   water.obj
 0001:00035fd0       ??__EREFRACTAMOUNT@SDK_Water_DX90@@YAXXZ 10036fd0 f   water.obj
 0001:00036000       ??__EREFRACTTINT@SDK_Water_DX90@@YAXXZ 10037000 f   water.obj
 0001:00036030       ??__EREFLECTAMOUNT@SDK_Water_DX90@@YAXXZ 10037030 f   water.obj
 0001:00036060       ??__EREFLECTTINT@SDK_Water_DX90@@YAXXZ 10037060 f   water.obj
 0001:00036090       ??__ENORMALMAP@SDK_Water_DX90@@YAXXZ 10037090 f   water.obj
 0001:000360c0       ??__EBUMPFRAME@SDK_Water_DX90@@YAXXZ 100370c0 f   water.obj
 0001:000360f0       ??__EBUMPTRANSFORM@SDK_Water_DX90@@YAXXZ 100370f0 f   water.obj
 0001:00036120       ??__ESCALE@SDK_Water_DX90@@YAXXZ 10037120 f   water.obj
 0001:00036150       ??__ETIME@SDK_Water_DX90@@YAXXZ 10037150 f   water.obj
 0001:00036180       ??__EWATERDEPTH@SDK_Water_DX90@@YAXXZ 10037180 f   water.obj
 0001:000361b0       ??__ECHEAPWATERSTARTDISTANCE@SDK_Water_DX90@@YAXXZ 100371b0 f   water.obj
 0001:000361e0       ??__ECHEAPWATERENDDISTANCE@SDK_Water_DX90@@YAXXZ 100371e0 f   water.obj
 0001:00036210       ??__EENVMAP@SDK_Water_DX90@@YAXXZ 10037210 f   water.obj
 0001:00036240       ??__EENVMAPFRAME@SDK_Water_DX90@@YAXXZ 10037240 f   water.obj
 0001:00036270       ??__EFOGCOLOR@SDK_Water_DX90@@YAXXZ 10037270 f   water.obj
 0001:000362a0       ??__EFORCECHEAP@SDK_Water_DX90@@YAXXZ 100372a0 f   water.obj
 0001:000362d0       ??__EFORCEEXPENSIVE@SDK_Water_DX90@@YAXXZ 100372d0 f   water.obj
 0001:00036300       ??__EREFLECTENTITIES@SDK_Water_DX90@@YAXXZ 10037300 f   water.obj
 0001:00036330       ??__EFOGSTART@SDK_Water_DX90@@YAXXZ 10037330 f   water.obj
 0001:00036360       ??__EFOGEND@SDK_Water_DX90@@YAXXZ 10037360 f   water.obj
 0001:00036390       ??__EABOVEWATER@SDK_Water_DX90@@YAXXZ 10037390 f   water.obj
 0001:000363c0       ??__EREFLECTBLENDFACTOR@SDK_Water_DX90@@YAXXZ 100373c0 f   water.obj
 0001:000363f0       ??__ENOFRESNEL@SDK_Water_DX90@@YAXXZ 100373f0 f   water.obj
 0001:00036420       ??__ENOLOWENDLIGHTMAP@SDK_Water_DX90@@YAXXZ 10037420 f   water.obj
 0001:00036450       ??__ESCROLL1@SDK_Water_DX90@@YAXXZ 10037450 f   water.obj
 0001:00036480       ??__ESCROLL2@SDK_Water_DX90@@YAXXZ 10037480 f   water.obj
 0001:000364b0       ??__EBLURREFRACT@SDK_Water_DX90@@YAXXZ 100374b0 f   water.obj
 0001:000364e0       ??__ERIPINFO@SDK_Water_DX90@@YAXXZ 100374e0 f   water.obj
 0001:00036510       ??__ECULLMODE@SDK_Water_DX90@@YAXXZ 10037510 f   water.obj
 0001:00036540       ??__Es_ShaderInstance@SDK_Water_DX90@@YAXXZ 10037540 f   water.obj
 0001:00036560       ??__Es_ShaderInstance@SDK_Water_DX9_HDR@SDK_Water_DX90@@YAXXZ 10037560 f   water.obj
 0001:00036580       ??__Es_ShaderParams@SDK_WorldTwoTextureBlend@@YAXXZ 10037580 f   worldtwotextureblend.obj
 0001:00036590       ??__EBASETEXTURE@SDK_WorldTwoTextureBlend@@YAXXZ 10037590 f   worldtwotextureblend.obj
 0001:000365a0       ??__EALBEDO@SDK_WorldTwoTextureBlend@@YAXXZ 100375a0 f   worldtwotextureblend.obj
 0001:000365d0       ??__ESELFILLUMTINT@SDK_WorldTwoTextureBlend@@YAXXZ 100375d0 f   worldtwotextureblend.obj
 0001:00036600       ??__EDETAIL@SDK_WorldTwoTextureBlend@@YAXXZ 10037600 f   worldtwotextureblend.obj
 0001:00036630       ??__EDETAILFRAME@SDK_WorldTwoTextureBlend@@YAXXZ 10037630 f   worldtwotextureblend.obj
 0001:00036660       ??__EDETAILSCALE@SDK_WorldTwoTextureBlend@@YAXXZ 10037660 f   worldtwotextureblend.obj
 0001:00036690       ??__EDETAIL_ALPHA_MASK_BASE_TEXTURE@SDK_WorldTwoTextureBlend@@YAXXZ 10037690 f   worldtwotextureblend.obj
 0001:000366c0       ??__EBUMPMAP@SDK_WorldTwoTextureBlend@@YAXXZ 100376c0 f   worldtwotextureblend.obj
 0001:000366f0       ??__EBUMPFRAME@SDK_WorldTwoTextureBlend@@YAXXZ 100376f0 f   worldtwotextureblend.obj
 0001:00036720       ??__EBUMPTRANSFORM@SDK_WorldTwoTextureBlend@@YAXXZ 10037720 f   worldtwotextureblend.obj
 0001:00036750       ??__ENODIFFUSEBUMPLIGHTING@SDK_WorldTwoTextureBlend@@YAXXZ 10037750 f   worldtwotextureblend.obj
 0001:00036780       ??__ESEAMLESS_SCALE@SDK_WorldTwoTextureBlend@@YAXXZ 10037780 f   worldtwotextureblend.obj
 0001:000367b0       ??__Es_ShaderInstance@SDK_WorldTwoTextureBlend@@YAXXZ 100377b0 f   worldtwotextureblend.obj
 0001:000367d0       ??__Es_ShaderParams@SDK_WorldVertexAlpha@@YAXXZ 100377d0 f   worldvertexalpha.obj
 0001:000367e0       ??__Es_ShaderInstance@SDK_WorldVertexAlpha@@YAXXZ 100377e0 f   worldvertexalpha.obj
 0001:00036800       ??__Es_ShaderParams@SDK_WorldVertexTransition@@YAXXZ 10037800 f   worldvertextransition.obj
 0001:00036810       ??__Es_ShaderInstance@SDK_WorldVertexTransition@@YAXXZ 10037810 f   worldvertextransition.obj
 0001:00036830       ??__Es_ShaderParams@SDK_WorldVertexTransition_DX9@@YAXXZ 10037830 f   worldvertextransition.obj
 0001:00036840       ??__EALBEDO@SDK_WorldVertexTransition_DX9@@YAXXZ 10037840 f   worldvertextransition.obj
 0001:00036870       ??__ESELFILLUMTINT@SDK_WorldVertexTransition_DX9@@YAXXZ 10037870 f   worldvertextransition.obj
 0001:000368a0       ??__EDETAIL@SDK_WorldVertexTransition_DX9@@YAXXZ 100378a0 f   worldvertextransition.obj
 0001:000368d0       ??__EDETAILFRAME@SDK_WorldVertexTransition_DX9@@YAXXZ 100378d0 f   worldvertextransition.obj
 0001:00036900       ??__EDETAILSCALE@SDK_WorldVertexTransition_DX9@@YAXXZ 10037900 f   worldvertextransition.obj
 0001:00036930       ??__EDETAILBLENDMODE@SDK_WorldVertexTransition_DX9@@YAXXZ 10037930 f   worldvertextransition.obj
 0001:00036960       ??__EDETAILBLENDFACTOR@SDK_WorldVertexTransition_DX9@@YAXXZ 10037960 f   worldvertextransition.obj
 0001:00036990       ??__EDETAILTINT@SDK_WorldVertexTransition_DX9@@YAXXZ 10037990 f   worldvertextransition.obj
 0001:000369c0       ??__EENVMAP@SDK_WorldVertexTransition_DX9@@YAXXZ 100379c0 f   worldvertextransition.obj
 0001:000369f0       ??__EENVMAPFRAME@SDK_WorldVertexTransition_DX9@@YAXXZ 100379f0 f   worldvertextransition.obj
 0001:00036a20       ??__EENVMAPMASK@SDK_WorldVertexTransition_DX9@@YAXXZ 10037a20 f   worldvertextransition.obj
 0001:00036a50       ??__EENVMAPMASKFRAME@SDK_WorldVertexTransition_DX9@@YAXXZ 10037a50 f   worldvertextransition.obj
 0001:00036a80       ??__EENVMAPMASKTRANSFORM@SDK_WorldVertexTransition_DX9@@YAXXZ 10037a80 f   worldvertextransition.obj
 0001:00036ab0       ??__EENVMAPTINT@SDK_WorldVertexTransition_DX9@@YAXXZ 10037ab0 f   worldvertextransition.obj
 0001:00036ae0       ??__EBUMPMAP@SDK_WorldVertexTransition_DX9@@YAXXZ 10037ae0 f   worldvertextransition.obj
 0001:00036b10       ??__EBUMPFRAME@SDK_WorldVertexTransition_DX9@@YAXXZ 10037b10 f   worldvertextransition.obj
 0001:00036b40       ??__EBUMPTRANSFORM@SDK_WorldVertexTransition_DX9@@YAXXZ 10037b40 f   worldvertextransition.obj
 0001:00036b70       ??__EENVMAPCONTRAST@SDK_WorldVertexTransition_DX9@@YAXXZ 10037b70 f   worldvertextransition.obj
 0001:00036ba0       ??__EENVMAPSATURATION@SDK_WorldVertexTransition_DX9@@YAXXZ 10037ba0 f   worldvertextransition.obj
 0001:00036bd0       ??__EFRESNELREFLECTION@SDK_WorldVertexTransition_DX9@@YAXXZ 10037bd0 f   worldvertextransition.obj
 0001:00036c00       ??__ENODIFFUSEBUMPLIGHTING@SDK_WorldVertexTransition_DX9@@YAXXZ 10037c00 f   worldvertextransition.obj
 0001:00036c30       ??__EBUMPMAP2@SDK_WorldVertexTransition_DX9@@YAXXZ 10037c30 f   worldvertextransition.obj
 0001:00036c60       ??__EBUMPFRAME2@SDK_WorldVertexTransition_DX9@@YAXXZ 10037c60 f   worldvertextransition.obj
 0001:00036c90       ??__EBUMPTRANSFORM2@SDK_WorldVertexTransition_DX9@@YAXXZ 10037c90 f   worldvertextransition.obj
 0001:00036cc0       ??__EBUMPMASK@SDK_WorldVertexTransition_DX9@@YAXXZ 10037cc0 f   worldvertextransition.obj
 0001:00036cf0       ??__EBASETEXTURE2@SDK_WorldVertexTransition_DX9@@YAXXZ 10037cf0 f   worldvertextransition.obj
 0001:00036d20       ??__EFRAME2@SDK_WorldVertexTransition_DX9@@YAXXZ 10037d20 f   worldvertextransition.obj
 0001:00036d50       ??__EBASETEXTURENOENVMAP@SDK_WorldVertexTransition_DX9@@YAXXZ 10037d50 f   worldvertextransition.obj
 0001:00036d80       ??__EBASETEXTURE2NOENVMAP@SDK_WorldVertexTransition_DX9@@YAXXZ 10037d80 f   worldvertextransition.obj
 0001:00036db0       ??__EDETAIL_ALPHA_MASK_BASE_TEXTURE@SDK_WorldVertexTransition_DX9@@YAXXZ 10037db0 f   worldvertextransition.obj
 0001:00036de0       ??__ELIGHTWARPTEXTURE@SDK_WorldVertexTransition_DX9@@YAXXZ 10037de0 f   worldvertextransition.obj
 0001:00036e10       ??__EBLENDMODULATETEXTURE@SDK_WorldVertexTransition_DX9@@YAXXZ 10037e10 f   worldvertextransition.obj
 0001:00036e40       ??__EBLENDMASKTRANSFORM@SDK_WorldVertexTransition_DX9@@YAXXZ 10037e40 f   worldvertextransition.obj
 0001:00036e70       ??__EMASKEDBLENDING@SDK_WorldVertexTransition_DX9@@YAXXZ 10037e70 f   worldvertextransition.obj
 0001:00036ea0       ??__ESSBUMP@SDK_WorldVertexTransition_DX9@@YAXXZ 10037ea0 f   worldvertextransition.obj
 0001:00036ed0       ??__ESEAMLESS_SCALE@SDK_WorldVertexTransition_DX9@@YAXXZ 10037ed0 f   worldvertextransition.obj
 0001:00036f00       ??__Es_ShaderInstance@SDK_WorldVertexTransition_DX9@@YAXXZ 10037f00 f   worldvertextransition.obj
 0001:00036f20       ??__Es_renderNormals@@YAXXZ 10037f20 f   void_celshadelightmapped.obj
 0001:00036f50       ??__Es_ShaderParams@Void_CelShadeLightmapped@@YAXXZ 10037f50 f   void_celshadelightmapped.obj
 0001:00036f60       ??__EBASETEXTURE@Void_CelShadeLightmapped@@YAXXZ 10037f60 f   void_celshadelightmapped.obj
 0001:00036f90       ??__EBUMPMAP@Void_CelShadeLightmapped@@YAXXZ 10037f90 f   void_celshadelightmapped.obj
 0001:00036fc0       ??__EPARALLAX@Void_CelShadeLightmapped@@YAXXZ 10037fc0 f   void_celshadelightmapped.obj
 0001:00036ff0       ??__ERIPINFO@Void_CelShadeLightmapped@@YAXXZ 10037ff0 f   void_celshadelightmapped.obj
 0001:00037020       ??__ECULLMODE@Void_CelShadeLightmapped@@YAXXZ 10038020 f   void_celshadelightmapped.obj
 0001:00037050       ??__Es_ShaderInstance@Void_CelShadeLightmapped@@YAXXZ 10038050 f   void_celshadelightmapped.obj
 0001:00037070       ??__Es_ShaderParams@void_postblur@@YAXXZ 10038070 f   void_postblur.obj
 0001:00037080       ??__EBASETEXTURE@void_postblur@@YAXXZ 10038080 f   void_postblur.obj
 0001:000370b0       ??__ETEXOFFSET@void_postblur@@YAXXZ 100380b0 f   void_postblur.obj
 0001:000370e0       ??__ENOALPHAWEIGHT@void_postblur@@YAXXZ 100380e0 f   void_postblur.obj
 0001:00037110       ??__Es_ShaderInstance@void_postblur@@YAXXZ 10038110 f   void_postblur.obj
 0001:00037130       ??__Es_ShaderParams@Void_PostComposite@@YAXXZ 10038130 f   void_postcomposite.obj
 0001:00037140       ??__EBASETEXTURE@Void_PostComposite@@YAXXZ 10038140 f   void_postcomposite.obj
 0001:00037170       ??__EOVERLAYTEXTURE@Void_PostComposite@@YAXXZ 10038170 f   void_postcomposite.obj
 0001:000371a0       ??__EOVERLAYCOLOR@Void_PostComposite@@YAXXZ 100381a0 f   void_postcomposite.obj
 0001:000371d0       ??__ENOISETEXTURE@Void_PostComposite@@YAXXZ 100381d0 f   void_postcomposite.obj
 0001:00037200       ??__ENOISEFRAME@Void_PostComposite@@YAXXZ 10038200 f   void_postcomposite.obj
 0001:00037230       ??__Es_ShaderInstance@Void_PostComposite@@YAXXZ 10038230 f   void_postcomposite.obj
 0001:00037250       ??__Es_ShaderParams@void_postgodray@@YAXXZ 10038250 f   void_postgodray.obj
 0001:00037260       ??__EBASETEXTURE@void_postgodray@@YAXXZ 10038260 f   void_postgodray.obj
 0001:00037290       ??__ELIGHTORIGIN@void_postgodray@@YAXXZ 10038290 f   void_postgodray.obj
 0001:000372c0       ??__Es_ShaderInstance@void_postgodray@@YAXXZ 100382c0 f   void_postgodray.obj
 0001:000372e0       ??__Es_ShaderParams@void_postworldcomposite@@YAXXZ 100382e0 f   void_postworldcomposite.obj
 0001:000372f0       ??__EWORLDTEXTURE1@void_postworldcomposite@@YAXXZ 100382f0 f   void_postworldcomposite.obj
 0001:00037320       ??__EWORLDTEXTURE2@void_postworldcomposite@@YAXXZ 10038320 f   void_postworldcomposite.obj
 0001:00037350       ??__EBLENDCONSTANTS@void_postworldcomposite@@YAXXZ 10038350 f   void_postworldcomposite.obj
 0001:00037380       ??__EBLENDMODE@void_postworldcomposite@@YAXXZ 10038380 f   void_postworldcomposite.obj
 0001:000373b0       ??__Es_ShaderInstance@void_postworldcomposite@@YAXXZ 100383b0 f   void_postworldcomposite.obj
 0001:000373d0       ??__Emat_fullbright@@YAXXZ 100383d0 f   shaderlib:BaseShader.obj
 0001:00037400       ??__E__g_CreateIShaderDLLInternal_reg@@YAXXZ 10038400 f   shaderlib:ShaderDLL.obj
 0001:00037420       ??__Es_EmptyConVar@@YAXXZ  10038420 f   tier1:convar.obj
 0001:00037510       ??__Es_StringCharConversion@@YAXXZ 10038510 f   tier1:utlbuffer.obj
 0001:00037570       ??__Es_NoEscConversion@@YAXXZ 10038570 f   tier1:utlbuffer.obj
 0001:000375a0       ??__Fs_ShaderParams@SDK_Aftershock@@YAXXZ 100385a0 f   aftershock.obj
 0001:000375b0       ??__Fs_ShaderParams@SDK_Aftershock_dx9@@YAXXZ 100385b0 f   aftershock.obj
 0001:000375c0       ??__Fmat_fullbright@@YAXXZ 100385c0 f   BaseVSShader.obj
 0001:000375d0       ??__Fs_ShaderParams@SDK_Bloom@@YAXXZ 100385d0 f   Bloom.obj
 0001:000375e0       ??__Fs_ShaderParams@SDK_Cable@@YAXXZ 100385e0 f   cable_dx9.obj
 0001:000375f0       ??__Fs_ShaderParams@SDK_Cable_DX9@@YAXXZ 100385f0 f   cable_dx9.obj
 0001:00037600       ??__Fr_lightwarpidentity@@YAXXZ 10038600 f   cloak_dx9_helper.obj
 0001:00037610       ??__Fs_ShaderParams@SDK_Core@@YAXXZ 10038610 f   core_dx9.obj
 0001:00037620       ??__Fs_ShaderParams@SDK_Core_DX90@@YAXXZ 10038620 f   core_dx9.obj
 0001:00037630       ??__Fs_ShaderParams@SDK_DepthWrite@@YAXXZ 10038630 f   dx8fallbacks.obj
 0001:00037640       ??__Fs_ShaderParams@SDK_EyeRefract@@YAXXZ 10038640 f   dx8fallbacks.obj
 0001:00037650       ??__Fs_ShaderParams@SDK_VolumeClouds@@YAXXZ 10038650 f   dx8fallbacks.obj
 0001:00037660       ??__Fs_ShaderParams@SDK_EyeGlint@@YAXXZ 10038660 f   dx8fallbacks.obj
 0001:00037670       ??__Fs_ShaderParams@SDK_AfterShock@@YAXXZ 10038670 f   dx8fallbacks.obj
 0001:00037680       ??__Fs_ShaderParams@SDK_EyeRefract@@YAXXZ 10038680 f   eye_refract.obj
 0001:00037690       ??__Fs_ShaderParams@SDK_EyeRefract_dx9@@YAXXZ 10038690 f   eye_refract.obj
 0001:000376a0       ??__Fr_lightwarpidentity@@YAXXZ 100386a0 f   eye_refract_helper.obj
 0001:000376b0       ??__Fs_ShaderParams@SDK_Eyeball@@YAXXZ 100386b0 f   eyeball.obj
 0001:000376c0       ??__Fs_ShaderParams@SDK_EyeGlint@@YAXXZ 100386c0 f   eyeglint_dx9.obj
 0001:000376d0       ??__Fs_ShaderParams@SDK_EyeGlint_dx9@@YAXXZ 100386d0 f   eyeglint_dx9.obj
 0001:000376e0       ??__Fs_ShaderParams@SDK_eyes@@YAXXZ 100386e0 f   eyes.obj
 0001:000376f0       ??__Fs_ShaderParams@SDK_Eyes_dx8@@YAXXZ 100386f0 f   eyes.obj
 0001:00037700       ??__Fr_flashlight_version2@@YAXXZ 10038700 f   eyes_dx8_dx9_helper.obj
 0001:00037710       ??__Fs_ShaderParams@SDK_eyes@@YAXXZ 10038710 f   eyes_dx9.obj
 0001:00037720       ??__Fs_ShaderParams@SDK_Eyes_dx9@@YAXXZ 10038720 f   eyes_dx9.obj
 0001:00037730       ??__Fs_ShaderParams@SDK_LightmappedGeneric_Decal@@YAXXZ 10038730 f   lightmappedgeneric_decal.obj
 0001:00037740       ??__Fs_ShaderParams@SDK_LightmappedGeneric_DX9@@YAXXZ 10038740 f   lightmappedgeneric_dx9.obj
 0001:00037750       ??__Fmat_disable_lightwarp@@YAXXZ 10038750 f   lightmappedgeneric_dx9_helper.obj
 0001:00037760       ??__Fmat_disable_fancy_blending@@YAXXZ 10038760 f   lightmappedgeneric_dx9_helper.obj
 0001:00037770       ??__Fmat_fullbright@@YAXXZ 10038770 f   lightmappedgeneric_dx9_helper.obj
 0001:00037780       ??__Fs_ShaderParams@SDK_LightmappedReflective@@YAXXZ 10038780 f   lightmappedreflective.obj
 0001:00037790       ??__Fs_ShaderParams@SDK_LightmappedReflective_DX90@@YAXXZ 10038790 f   lightmappedreflective.obj
 0001:000377a0       ??__Fs_ShaderParams@SDK_LightmappedTwoTexture@@YAXXZ 100387a0 f   lightmappedtwotexture.obj
 0001:000377b0       ??__Fs_ShaderParams@SDK_Refract@@YAXXZ 100387b0 f   refract.obj
 0001:000377c0       ??__Fs_ShaderParams@SDK_Refract_DX90@@YAXXZ 100387c0 f   refract.obj
 0001:000377d0       ??__Fs_ShaderParams@SDK_screenspace_general@@YAXXZ 100387d0 f   screenspace_general.obj
 0001:000377e0       ??__Fs_ShaderParams@SDK_screenspace_general_dx9@@YAXXZ 100387e0 f   screenspace_general.obj
 0001:000377f0       ??__Fmat_fullbright@@YAXXZ 100387f0 f   skin_dx9_helper.obj
 0001:00037800       ??__Fr_lightwarpidentity@@YAXXZ 10038800 f   skin_dx9_helper.obj
 0001:00037810       ??__Fr_rimlight@@YAXXZ     10038810 f   skin_dx9_helper.obj
 0001:00037820       ??__Fs_ShaderParams@SDK_Spritecard@@YAXXZ 10038820 f   spritecard.obj
 0001:00037830       ??__Fs_ShaderParams@SDK_Teeth@@YAXXZ 10038830 f   teeth.obj
 0001:00037840       ??__Fs_ShaderParams@SDK_Teeth_DX9@@YAXXZ 10038840 f   teeth.obj
 0001:00037850       ??__Fs_ShaderParams@SDK_UnlitGeneric@@YAXXZ 10038850 f   unlitgeneric_dx9.obj
 0001:00037860       ??__Fs_ShaderParams@SDK_UnlitTwoTexture@@YAXXZ 10038860 f   unlittwotexture_dx9.obj
 0001:00037870       ??__Fs_ShaderParams@SDK_UnlitTwoTexture_DX9@@YAXXZ 10038870 f   unlittwotexture_dx9.obj
 0001:00037880       ??__Fs_ShaderParams@SDK_VertexLitGeneric@@YAXXZ 10038880 f   vertexlitgeneric_dx9.obj
 0001:00037890       ??__Fmat_fullbright@@YAXXZ 10038890 f   vertexlitgeneric_dx9_helper.obj
 0001:000378a0       ??__Fr_lightwarpidentity@@YAXXZ 100388a0 f   vertexlitgeneric_dx9_helper.obj
 0001:000378b0       ??__Fs_ShaderParams@SDK_VortWarp@@YAXXZ 100388b0 f   vortwarp_dx9.obj
 0001:000378c0       ??__Fs_ShaderParams@SDK_VortWarp_DX9@@YAXXZ 100388c0 f   vortwarp_dx9.obj
 0001:000378d0       ??__Fr_waterforceexpensive@@YAXXZ 100388d0 f   water.obj
 0001:000378e0       ??__Fs_ShaderParams@SDK_Water@@YAXXZ 100388e0 f   water.obj
 0001:000378f0       ??__Fs_ShaderParams@SDK_Water_DX90@@YAXXZ 100388f0 f   water.obj
 0001:00037900       ??__Fs_ShaderParams@SDK_WorldTwoTextureBlend@@YAXXZ 10038900 f   worldtwotextureblend.obj
 0001:00037910       ??__Fs_ShaderParams@SDK_WorldVertexAlpha@@YAXXZ 10038910 f   worldvertexalpha.obj
 0001:00037920       ??__Fs_ShaderParams@SDK_WorldVertexTransition@@YAXXZ 10038920 f   worldvertextransition.obj
 0001:00037930       ??__Fs_ShaderParams@SDK_WorldVertexTransition_DX9@@YAXXZ 10038930 f   worldvertextransition.obj
 0001:00037940       ??__Fs_renderNormals@@YAXXZ 10038940 f   void_celshadelightmapped.obj
 0001:00037950       ??__Fs_ShaderParams@Void_CelShadeLightmapped@@YAXXZ 10038950 f   void_celshadelightmapped.obj
 0001:00037960       ??__Fs_ShaderParams@void_postblur@@YAXXZ 10038960 f   void_postblur.obj
 0001:00037970       ??__Fs_ShaderParams@Void_PostComposite@@YAXXZ 10038970 f   void_postcomposite.obj
 0001:00037980       ??__Fs_ShaderParams@void_postgodray@@YAXXZ 10038980 f   void_postgodray.obj
 0001:00037990       ??__Fs_ShaderParams@void_postworldcomposite@@YAXXZ 10038990 f   void_postworldcomposite.obj
 0001:000379a0       ??__Fmat_fullbright@@YAXXZ 100389a0 f   shaderlib:BaseShader.obj
 0001:000379b0       ??__Fs_EmptyConVar@@YAXXZ  100389b0 f   tier1:convar.obj
 0001:000379eb       ??__Fnomem@?5???2@YAPAXI@Z@YAXXZ 100389eb f   LIBCMT:new.obj
